ARM Linker, RVCT4.0 [Build 524] for uVision [Standard]

==============================================================================

Section Cross References

    stm32f10x_it.o(i.EXTI15_10_IRQHandler) refers to stm32f10x_exti.o(i.EXTI_GetITStatus) for EXTI_GetITStatus
    stm32f10x_it.o(i.EXTI15_10_IRQHandler) refers to stm32f10x_tim.o(i.TIM_ITConfig) for TIM_ITConfig
    stm32f10x_it.o(i.EXTI15_10_IRQHandler) refers to stm32f10x_tim.o(i.TIM_Cmd) for TIM_Cmd
    stm32f10x_it.o(i.EXTI15_10_IRQHandler) refers to stm32f10x_exti.o(i.EXTI_ClearITPendingBit) for EXTI_ClearITPendingBit
    stm32f10x_it.o(i.EXTI15_10_IRQHandler) refers to function.o(.data) for cw_status
    stm32f10x_it.o(i.SPI2_IRQHandler) refers to stm32f10x_spi.o(i.SPI_I2S_GetITStatus) for SPI_I2S_GetITStatus
    stm32f10x_it.o(i.SPI2_IRQHandler) refers to stm32f10x_spi.o(i.SPI_I2S_ReceiveData) for SPI_I2S_ReceiveData
    stm32f10x_it.o(i.SPI2_IRQHandler) refers to stm32f10x_spi.o(i.SPI_I2S_ClearITPendingBit) for SPI_I2S_ClearITPendingBit
    stm32f10x_it.o(i.SPI2_IRQHandler) refers to stm32f10x_spi.o(i.SPI_I2S_GetFlagStatus) for SPI_I2S_GetFlagStatus
    stm32f10x_it.o(i.SPI2_IRQHandler) refers to stm32f10x_spi.o(i.SPI_I2S_ITConfig) for SPI_I2S_ITConfig
    stm32f10x_it.o(i.SPI2_IRQHandler) refers to function.o(.data) for LastCh
    stm32f10x_it.o(i.SPI2_IRQHandler) refers to function.o(.data) for RxLeftIdx
    stm32f10x_it.o(i.SPI2_IRQHandler) refers to function.o(.bss) for AK_Left_Data
    stm32f10x_it.o(i.SysTickHandler) refers to stm32f10x_gpio.o(i.GPIO_ReadInputDataBit) for GPIO_ReadInputDataBit
    stm32f10x_it.o(i.SysTickHandler) refers to stm32f10x_gpio.o(i.GPIO_WriteBit) for GPIO_WriteBit
    stm32f10x_it.o(i.SysTickHandler) refers to function.o(.data) for TimingDelay
    stm32f10x_it.o(i.TIM1_UP_IRQHandler) refers to stm32f10x_tim.o(i.TIM_ClearITPendingBit) for TIM_ClearITPendingBit
    stm32f10x_it.o(i.TIM1_UP_IRQHandler) refers to stm32f10x_gpio.o(i.GPIO_ReadOutputDataBit) for GPIO_ReadOutputDataBit
    stm32f10x_it.o(i.TIM1_UP_IRQHandler) refers to stm32f10x_gpio.o(i.GPIO_WriteBit) for GPIO_WriteBit
    stm32f10x_it.o(i.TIM1_UP_IRQHandler) refers to stm32f10x_tim.o(i.TIM_ITConfig) for TIM_ITConfig
    stm32f10x_it.o(i.TIM1_UP_IRQHandler) refers to stm32f10x_gpio.o(i.GPIO_Init) for GPIO_Init
    stm32f10x_it.o(i.TIM1_UP_IRQHandler) refers to stm32f10x_tim.o(i.TIM_OC1Init) for TIM_OC1Init
    stm32f10x_it.o(i.TIM1_UP_IRQHandler) refers to stm32f10x_tim.o(i.TIM_OC1PreloadConfig) for TIM_OC1PreloadConfig
    stm32f10x_it.o(i.TIM1_UP_IRQHandler) refers to stm32f10x_tim.o(i.TIM_ARRPreloadConfig) for TIM_ARRPreloadConfig
    stm32f10x_it.o(i.TIM1_UP_IRQHandler) refers to stm32f10x_tim.o(i.TIM_CtrlPWMOutputs) for TIM_CtrlPWMOutputs
    stm32f10x_it.o(i.TIM1_UP_IRQHandler) refers to stm32f10x_tim.o(i.TIM_Cmd) for TIM_Cmd
    stm32f10x_it.o(i.TIM1_UP_IRQHandler) refers to function.o(.data) for Step_LM
    stm32f10x_it.o(i.TIM1_UP_IRQHandler) refers to function.o(.constdata) for Speedup
    stm32f10x_it.o(i.TIM2_IRQHandler) refers to stm32f10x_tim.o(i.TIM_GetFlagStatus) for TIM_GetFlagStatus
    stm32f10x_it.o(i.TIM2_IRQHandler) refers to stm32f10x_gpio.o(i.GPIO_SetBits) for GPIO_SetBits
    stm32f10x_it.o(i.TIM2_IRQHandler) refers to stm32f10x_gpio.o(i.GPIO_ResetBits) for GPIO_ResetBits
    stm32f10x_it.o(i.TIM2_IRQHandler) refers to stm32f10x_tim.o(i.TIM_ITConfig) for TIM_ITConfig
    stm32f10x_it.o(i.TIM2_IRQHandler) refers to stm32f10x_tim.o(i.TIM_Cmd) for TIM_Cmd
    stm32f10x_it.o(i.TIM2_IRQHandler) refers to stm32f10x_tim.o(i.TIM_ClearITPendingBit) for TIM_ClearITPendingBit
    stm32f10x_it.o(i.TIM2_IRQHandler) refers to function.o(.data) for PulseCount
    stm32f10x_it.o(i.TIM3_IRQHandler) refers to stm32f10x_tim.o(i.TIM_GetFlagStatus) for TIM_GetFlagStatus
    stm32f10x_it.o(i.TIM3_IRQHandler) refers to function.o(i.SamplePosition) for SamplePosition
    stm32f10x_it.o(i.TIM3_IRQHandler) refers to function.o(i.LED) for LED
    stm32f10x_it.o(i.TIM3_IRQHandler) refers to function.o(i.QLength) for QLength
    stm32f10x_it.o(i.TIM3_IRQHandler) refers to stm32f10x_usart.o(i.USART_ITConfig) for USART_ITConfig
    stm32f10x_it.o(i.TIM3_IRQHandler) refers to stm32f10x_tim.o(i.TIM_ClearITPendingBit) for TIM_ClearITPendingBit
    stm32f10x_it.o(i.TIM3_IRQHandler) refers to function.o(.data) for Second_1
    stm32f10x_it.o(i.TIM3_IRQHandler) refers to function.o(.data) for SelfChecking
    stm32f10x_it.o(i.TIM3_IRQHandler) refers to function.o(.data) for SelfCheckCount
    stm32f10x_it.o(i.TIM6_IRQHandler) refers to stm32f10x_tim.o(i.TIM_ClearITPendingBit) for TIM_ClearITPendingBit
    stm32f10x_it.o(i.USART1_IRQHandler) refers to stm32f10x_usart.o(i.USART_GetITStatus) for USART_GetITStatus
    stm32f10x_it.o(i.USART1_IRQHandler) refers to stm32f10x_usart.o(i.USART_ReceiveData) for USART_ReceiveData
    stm32f10x_it.o(i.USART1_IRQHandler) refers to function.o(i.Inqueue) for Inqueue
[...]
    stm32f10x_nvic.o(i.NVIC_BASEPRICONFIG) refers to cortexm3_macro.o(.text) for __BASEPRICONFIG
    stm32f10x_nvic.o(i.NVIC_GetBASEPRI) refers to cortexm3_macro.o(.text) for __GetBASEPRI
    stm32f10x_nvic.o(i.NVIC_RESETFAULTMASK) refers to cortexm3_macro.o(.text) for __RESETFAULTMASK
    stm32f10x_nvic.o(i.NVIC_RESETPRIMASK) refers to cortexm3_macro.o(.text) for __RESETPRIMASK
    stm32f10x_nvic.o(i.NVIC_SETFAULTMASK) refers to cortexm3_macro.o(.text) for __SETFAULTMASK
    stm32f10x_nvic.o(i.NVIC_SETPRIMASK) refers to cortexm3_macro.o(.text) for __SETPRIMASK
    stm32f10x_rcc.o(i.RCC_GetClocksFreq) refers to stm32f10x_rcc.o(.constdata) for .constdata
    stm32f10x_rcc.o(i.RCC_WaitForHSEStartUp) refers to stm32f10x_rcc.o(i.RCC_GetFlagStatus) for RCC_GetFlagStatus
    stm32f10x_rcc.o(i.RCC_WaitForHSEStartUp) refers to stm32f10x_rcc.o(.data) for .data
    stm32f10x_spi.o(i.I2S_Init) refers to stm32f10x_rcc.o(i.RCC_GetClocksFreq) for RCC_GetClocksFreq
    stm32f10x_spi.o(i.SPI_I2S_DeInit) refers to stm32f10x_rcc.o(i.RCC_APB2PeriphResetCmd) for RCC_APB2PeriphResetCmd
    stm32f10x_spi.o(i.SPI_I2S_DeInit) refers to stm32f10x_rcc.o(i.RCC_APB1PeriphResetCmd) for RCC_APB1PeriphResetCmd
    stm32f10x_tim.o(i.TIM_DeInit) refers to stm32f10x_rcc.o(i.RCC_APB1PeriphResetCmd) for RCC_APB1PeriphResetCmd
    stm32f10x_tim.o(i.TIM_DeInit) refers to stm32f10x_rcc.o(i.RCC_APB2PeriphResetCmd) for RCC_APB2PeriphResetCmd
    stm32f10x_tim.o(i.TIM_ETRClockMode1Config) refers to stm32f10x_tim.o(i.TIM_ETRConfig) for TIM_ETRConfig
    stm32f10x_tim.o(i.TIM_ETRClockMode2Config) refers to stm32f10x_tim.o(i.TIM_ETRConfig) for TIM_ETRConfig
    stm32f10x_tim.o(i.TIM_ICInit) refers to stm32f10x_tim.o(i.TI1_Config) for TI1_Config
    stm32f10x_tim.o(i.TIM_ICInit) refers to stm32f10x_tim.o(i.TIM_SetIC1Prescaler) for TIM_SetIC1Prescaler
    stm32f10x_tim.o(i.TIM_ICInit) refers to stm32f10x_tim.o(i.TI2_Config) for TI2_Config
    stm32f10x_tim.o(i.TIM_ICInit) refers to stm32f10x_tim.o(i.TIM_SetIC2Prescaler) for TIM_SetIC2Prescaler
    stm32f10x_tim.o(i.TIM_ICInit) refers to stm32f10x_tim.o(i.TIM_SetIC3Prescaler) for TIM_SetIC3Prescaler
    stm32f10x_tim.o(i.TIM_ICInit) refers to stm32f10x_tim.o(i.TIM_SetIC4Prescaler) for TIM_SetIC4Prescaler
    stm32f10x_tim.o(i.TIM_PWMIConfig) refers to stm32f10x_tim.o(i.TI1_Config) for TI1_Config
    stm32f10x_tim.o(i.TIM_PWMIConfig) refers to stm32f10x_tim.o(i.TIM_SetIC1Prescaler) for TIM_SetIC1Prescaler
    stm32f10x_tim.o(i.TIM_PWMIConfig) refers to stm32f10x_tim.o(i.TI2_Config) for TI2_Config
    stm32f10x_tim.o(i.TIM_PWMIConfig) refers to stm32f10x_tim.o(i.TIM_SetIC2Prescaler) for TIM_SetIC2Prescaler
    stm32f10x_tim.o(i.TIM_TIxExternalClockConfig) refers to stm32f10x_tim.o(i.TI2_Config) for TI2_Config
    stm32f10x_tim.o(i.TIM_TIxExternalClockConfig) refers to stm32f10x_tim.o(i.TI1_Config) for TI1_Config
    stm32f10x_usart.o(i.USART_DeInit) refers to stm32f10x_rcc.o(i.RCC_APB2PeriphResetCmd) for RCC_APB2PeriphResetCmd
    stm32f10x_usart.o(i.USART_DeInit) refers to stm32f10x_rcc.o(i.RCC_APB1PeriphResetCmd) for RCC_APB1PeriphResetCmd
    stm32f10x_usart.o(i.USART_Init) refers to stm32f10x_rcc.o(i.RCC_GetClocksFreq) for RCC_GetClocksFreq
    entry.o(.ARM.Collect$$$$00000000) refers (Special) to entry7.o(.ARM.Collect$$$$00000007) for _main_init
    entry.o(.ARM.Collect$$$$00000000) refers (Special) to entry5.o(.ARM.Collect$$$$00000004) for _main_scatterload
    entry.o(.ARM.Collect$$$$00000000) refers (Special) to entry2.o(.ARM.Collect$$$$00000001) for _main_stk
    entry2.o(.ARM.Collect$$$$00000001) refers to entry2.o(.ARM.Collect$$$$00002712) for __lit__00000000
    entry2.o(.ARM.Collect$$$$00002712) refers to stm32f10x_vector.o(STACK) for __initial_sp
    entry2.o(__vectab_stack_and_reset_area) refers to stm32f10x_vector.o(STACK) for __initial_sp
    entry2.o(__vectab_stack_and_reset_area) refers to entry.o(.ARM.Collect$$$$00000000) for __main
    entry5.o(.ARM.Collect$$$$00000004) refers to init.o(.text) for __scatterload
    entry7.o(.ARM.Collect$$$$00000007) refers to main.o(i.main) for main
    init.o(.text) refers to entry5.o(.ARM.Collect$$$$00000004) for __main_after_scatterload


==============================================================================

Removing Unused input sections from the image.

    Removing function.o(i.SendData1), (48 bytes).
    Removing function.o(i.Speaker), (60 bytes).
    Removing function.o(.data), (4 bytes).
    Removing function.o(.data), (1 bytes).
    Removing function.o(.data), (2 bytes).
    Removing motion.o(i.Calibration), (68 bytes).
    Removing motion.o(i.SelfCheckProc), (488 bytes).
    Removing motion.o(.data), (2 bytes).
    Removing stm32f10x_vector.o(HEAP), (2048 bytes).
    Removing stm32f10x_adc.o(i.ADC_AnalogWatchdogCmd), (16 bytes).
    Removing stm32f10x_adc.o(i.ADC_AnalogWatchdogSingleChannelConfig), (12 bytes).
    Removing stm32f10x_adc.o(i.ADC_AnalogWatchdogThresholdsConfig), (6 bytes).
    Removing stm32f10x_adc.o(i.ADC_AutoInjectedConvCmd), (20 bytes).
    Removing stm32f10x_adc.o(i.ADC_ClearFlag), (6 bytes).
    Removing stm32f10x_adc.o(i.ADC_ClearITPendingBit), (8 bytes).
    Removing stm32f10x_adc.o(i.ADC_DMACmd), (20 bytes).
    Removing stm32f10x_adc.o(i.ADC_DeInit), (60 bytes).
    Removing stm32f10x_adc.o(i.ADC_DiscModeChannelCountConfig), (16 bytes).
    Removing stm32f10x_adc.o(i.ADC_DiscModeCmd), (20 bytes).
    Removing stm32f10x_adc.o(i.ADC_ExternalTrigConvCmd), (20 bytes).
    Removing stm32f10x_adc.o(i.ADC_ExternalTrigInjectedConvCmd), (20 bytes).
    Removing stm32f10x_adc.o(i.ADC_ExternalTrigInjectedConvConfig), (12 bytes).
    Removing stm32f10x_adc.o(i.ADC_GetDualModeConversionValue), (12 bytes).
    Removing stm32f10x_adc.o(i.ADC_GetITStatus), (28 bytes).
    Removing stm32f10x_adc.o(i.ADC_GetInjectedConversionValue), (8 bytes).
    Removing stm32f10x_adc.o(i.ADC_GetSoftwareStartConvStatus), (14 bytes).
    Removing stm32f10x_adc.o(i.ADC_GetSoftwareStartInjectedConvCmdStatus), (14 bytes).
    Removing stm32f10x_adc.o(i.ADC_ITConfig), (18 bytes).
    Removing stm32f10x_adc.o(i.ADC_InjectedChannelConfig), (74 bytes).
    Removing stm32f10x_adc.o(i.ADC_InjectedDiscModeCmd), (20 bytes).
    Removing stm32f10x_adc.o(i.ADC_InjectedSequencerLengthConfig), (16 bytes).
    Removing stm32f10x_adc.o(i.ADC_SetInjectedOffset), (4 bytes).
    Removing stm32f10x_adc.o(i.ADC_SoftwareStartInjectedConvCmd), (20 bytes).
    Removing stm32f10x_adc.o(i.ADC_StructInit), (18 bytes).
    Removing stm32f10x_adc.o(i.ADC_TempSensorVrefintCmd), (32 bytes).
    Removing stm32f10x_exti.o(i.EXTI_ClearFlag), (12 bytes).
    Removing stm32f10x_exti.o(i.EXTI_DeInit), (28 bytes).
    Removing stm32f10x_exti.o(i.EXTI_GenerateSWInterrupt), (16 bytes).
    Removing stm32f10x_exti.o(i.EXTI_GetFlagStatus), (20 bytes).
    Removing stm32f10x_exti.o(i.EXTI_StructInit), (14 bytes).
    Removing stm32f10x_flash.o(i.FLASH_ClearFlag), (12 bytes).
    Removing stm32f10x_flash.o(i.FLASH_EnableWriteProtection), (168 bytes).
    Removing stm32f10x_flash.o(i.FLASH_EraseAllPages), (60 bytes).
    Removing stm32f10x_flash.o(i.FLASH_EraseOptionBytes), (116 bytes).
    Removing stm32f10x_flash.o(i.FLASH_ErasePage), (64 bytes).
    Removing stm32f10x_flash.o(i.FLASH_GetFlagStatus), (32 bytes).
    Removing stm32f10x_flash.o(i.FLASH_GetPrefetchBufferStatus), (20 bytes).
    Removing stm32f10x_flash.o(i.FLASH_GetReadOutProtectionStatus), (20 bytes).
    Removing stm32f10x_flash.o(i.FLASH_GetStatus), (40 bytes).
    Removing stm32f10x_flash.o(i.FLASH_GetUserOptionByte), (12 bytes).
    Removing stm32f10x_flash.o(i.FLASH_GetWriteProtectionOptionByte), (12 bytes).
    Removing stm32f10x_flash.o(i.FLASH_HalfCycleAccessCmd), (24 bytes).
    Removing stm32f10x_flash.o(i.FLASH_ITConfig), (24 bytes).
    Removing stm32f10x_flash.o(i.FLASH_Lock), (16 bytes).
    Removing stm32f10x_flash.o(i.FLASH_ProgramHalfWord), (56 bytes).
    Removing stm32f10x_flash.o(i.FLASH_ProgramOptionByteData), (72 bytes).
    Removing stm32f10x_flash.o(i.FLASH_ProgramWord), (68 bytes).
    Removing stm32f10x_flash.o(i.FLASH_ReadOutProtection), (136 bytes).
    Removing stm32f10x_flash.o(i.FLASH_Unlock), (24 bytes).
    Removing stm32f10x_flash.o(i.FLASH_UserOptionByteConfig), (88 bytes).
    Removing stm32f10x_flash.o(i.FLASH_WaitForLastOperation), (40 bytes).
    Removing stm32f10x_gpio.o(i.GPIO_AFIODeInit), (22 bytes).
    Removing stm32f10x_gpio.o(i.GPIO_DeInit), (160 bytes).
    Removing stm32f10x_gpio.o(i.GPIO_EventOutputCmd), (12 bytes).
    Removing stm32f10x_gpio.o(i.GPIO_EventOutputConfig), (28 bytes).
    Removing stm32f10x_gpio.o(i.GPIO_PinLockConfig), (16 bytes).
    Removing stm32f10x_gpio.o(i.GPIO_PinRemapConfig), (72 bytes).
    Removing stm32f10x_gpio.o(i.GPIO_ReadInputData), (6 bytes).
    Removing stm32f10x_gpio.o(i.GPIO_ReadOutputData), (6 bytes).
    Removing stm32f10x_gpio.o(i.GPIO_StructInit), (16 bytes).
    Removing stm32f10x_gpio.o(i.GPIO_Write), (4 bytes).
    Removing stm32f10x_nvic.o(i.NVIC_BASEPRICONFIG), (6 bytes).
    Removing stm32f10x_nvic.o(i.NVIC_ClearIRQChannelPendingBit), (24 bytes).
    Removing stm32f10x_nvic.o(i.NVIC_ClearSystemHandlerPendingBit), (24 bytes).
    Removing stm32f10x_nvic.o(i.NVIC_DeInit), (44 bytes).
    Removing stm32f10x_nvic.o(i.NVIC_GenerateCoreReset), (16 bytes).
    Removing stm32f10x_nvic.o(i.NVIC_GenerateSystemReset), (16 bytes).
    Removing stm32f10x_nvic.o(i.NVIC_GetBASEPRI), (4 bytes).
    Removing stm32f10x_nvic.o(i.NVIC_GetCPUID), (12 bytes).
    Removing stm32f10x_nvic.o(i.NVIC_GetCurrentActiveHandler), (16 bytes).
    Removing stm32f10x_nvic.o(i.NVIC_GetCurrentPendingIRQChannel), (16 bytes).
    Removing stm32f10x_nvic.o(i.NVIC_GetFaultAddress), (22 bytes).
    Removing stm32f10x_nvic.o(i.NVIC_GetFaultHandlerSources), (54 bytes).
    Removing stm32f10x_nvic.o(i.NVIC_GetIRQChannelActiveBitStatus), (34 bytes).
    Removing stm32f10x_nvic.o(i.NVIC_GetIRQChannelPendingBitStatus), (34 bytes).
    Removing stm32f10x_nvic.o(i.NVIC_GetSystemHandlerActiveBitStatus), (32 bytes).
    Removing stm32f10x_nvic.o(i.NVIC_GetSystemHandlerPendingBitStatus), (32 bytes).
    Removing stm32f10x_nvic.o(i.NVIC_RESETFAULTMASK), (4 bytes).
    Removing stm32f10x_nvic.o(i.NVIC_RESETPRIMASK), (4 bytes).
    Removing stm32f10x_nvic.o(i.NVIC_SCBDeInit), (68 bytes).
    Removing stm32f10x_nvic.o(i.NVIC_SETFAULTMASK), (4 bytes).
    Removing stm32f10x_nvic.o(i.NVIC_SETPRIMASK), (4 bytes).
    Removing stm32f10x_nvic.o(i.NVIC_SetIRQChannelPendingBit), (12 bytes).
    Removing stm32f10x_nvic.o(i.NVIC_SetSystemHandlerPendingBit), (24 bytes).
    Removing stm32f10x_nvic.o(i.NVIC_StructInit), (12 bytes).
    Removing stm32f10x_nvic.o(i.NVIC_SystemHandlerConfig), (32 bytes).
    Removing stm32f10x_nvic.o(i.NVIC_SystemHandlerPriorityConfig), (76 bytes).
    Removing stm32f10x_nvic.o(i.NVIC_SystemLPConfig), (24 bytes).
    Removing stm32f10x_rcc.o(i.RCC_ADCCLKConfig), (20 bytes).
    Removing stm32f10x_rcc.o(i.RCC_AHBPeriphClockCmd), (24 bytes).
    Removing stm32f10x_rcc.o(i.RCC_APB1PeriphResetCmd), (24 bytes).
    Removing stm32f10x_rcc.o(i.RCC_APB2PeriphResetCmd), (24 bytes).
    Removing stm32f10x_rcc.o(i.RCC_AdjustHSICalibrationValue), (20 bytes).
    Removing stm32f10x_rcc.o(i.RCC_BackupResetCmd), (12 bytes).
    Removing stm32f10x_rcc.o(i.RCC_ClearFlag), (16 bytes).
    Removing stm32f10x_rcc.o(i.RCC_ClearITPendingBit), (12 bytes).
    Removing stm32f10x_rcc.o(i.RCC_ClockSecuritySystemCmd), (12 bytes).
    Removing stm32f10x_rcc.o(i.RCC_GetITStatus), (20 bytes).
    Removing stm32f10x_rcc.o(i.RCC_HSICmd), (12 bytes).
    Removing stm32f10x_rcc.o(i.RCC_ITConfig), (24 bytes).
    Removing stm32f10x_rcc.o(i.RCC_LSEConfig), (32 bytes).
    Removing stm32f10x_rcc.o(i.RCC_LSICmd), (12 bytes).
    Removing stm32f10x_rcc.o(i.RCC_MCOConfig), (12 bytes).
    Removing stm32f10x_rcc.o(i.RCC_RTCCLKCmd), (12 bytes).
    Removing stm32f10x_rcc.o(i.RCC_RTCCLKConfig), (16 bytes).
    Removing stm32f10x_rcc.o(i.RCC_USBCLKConfig), (12 bytes).
    Removing stm32f10x_spi.o(i.I2S_StructInit), (18 bytes).
    Removing stm32f10x_spi.o(i.SPI_BiDirectionalLineConfig), (22 bytes).
    Removing stm32f10x_spi.o(i.SPI_CalculateCRC), (20 bytes).
    Removing stm32f10x_spi.o(i.SPI_Cmd), (20 bytes).
    Removing stm32f10x_spi.o(i.SPI_DataSizeConfig), (16 bytes).
    Removing stm32f10x_spi.o(i.SPI_GetCRC), (12 bytes).
    Removing stm32f10x_spi.o(i.SPI_GetCRCPolynomial), (4 bytes).
    Removing stm32f10x_spi.o(i.SPI_I2S_ClearFlag), (34 bytes).
    Removing stm32f10x_spi.o(i.SPI_I2S_DMACmd), (16 bytes).
    Removing stm32f10x_spi.o(i.SPI_I2S_DeInit), (76 bytes).
    Removing stm32f10x_spi.o(i.SPI_I2S_SendData), (4 bytes).
    Removing stm32f10x_spi.o(i.SPI_Init), (56 bytes).
    Removing stm32f10x_spi.o(i.SPI_NSSInternalSoftwareConfig), (24 bytes).
    Removing stm32f10x_spi.o(i.SPI_SSOutputCmd), (20 bytes).
    Removing stm32f10x_spi.o(i.SPI_StructInit), (24 bytes).
    Removing stm32f10x_spi.o(i.SPI_TransmitCRC), (10 bytes).
    Removing stm32f10x_systick.o(i.SysTick_GetCounter), (8 bytes).
    Removing stm32f10x_systick.o(i.SysTick_GetFlagStatus), (32 bytes).
    Removing stm32f10x_tim.o(i.TI1_Config), (40 bytes).
    Removing stm32f10x_tim.o(i.TI2_Config), (44 bytes).
    Removing stm32f10x_tim.o(i.TIM_BDTRConfig), (34 bytes).
    Removing stm32f10x_tim.o(i.TIM_BDTRStructInit), (18 bytes).
    Removing stm32f10x_tim.o(i.TIM_CCPreloadControl), (20 bytes).
    Removing stm32f10x_tim.o(i.TIM_CCxCmd), (22 bytes).
    Removing stm32f10x_tim.o(i.TIM_CCxNCmd), (22 bytes).
    Removing stm32f10x_tim.o(i.TIM_ClearOC1Ref), (12 bytes).
    Removing stm32f10x_tim.o(i.TIM_ClearOC2Ref), (14 bytes).
    Removing stm32f10x_tim.o(i.TIM_ClearOC3Ref), (12 bytes).
    Removing stm32f10x_tim.o(i.TIM_ClearOC4Ref), (14 bytes).
    Removing stm32f10x_tim.o(i.TIM_CounterModeConfig), (14 bytes).
    Removing stm32f10x_tim.o(i.TIM_DMACmd), (16 bytes).
    Removing stm32f10x_tim.o(i.TIM_DMAConfig), (8 bytes).
    Removing stm32f10x_tim.o(i.TIM_DeInit), (180 bytes).
    Removing stm32f10x_tim.o(i.TIM_ETRClockMode1Config), (18 bytes).
    Removing stm32f10x_tim.o(i.TIM_ETRClockMode2Config), (18 bytes).
    Removing stm32f10x_tim.o(i.TIM_ETRConfig), (18 bytes).
    Removing stm32f10x_tim.o(i.TIM_EncoderInterfaceConfig), (44 bytes).
    Removing stm32f10x_tim.o(i.TIM_ForcedOC1Config), (12 bytes).
    Removing stm32f10x_tim.o(i.TIM_ForcedOC2Config), (14 bytes).
    Removing stm32f10x_tim.o(i.TIM_ForcedOC3Config), (12 bytes).
    Removing stm32f10x_tim.o(i.TIM_ForcedOC4Config), (14 bytes).
    Removing stm32f10x_tim.o(i.TIM_GenerateEvent), (4 bytes).
    Removing stm32f10x_tim.o(i.TIM_GetCapture1), (4 bytes).
    Removing stm32f10x_tim.o(i.TIM_GetCapture2), (4 bytes).
    Removing stm32f10x_tim.o(i.TIM_GetCapture3), (4 bytes).
    Removing stm32f10x_tim.o(i.TIM_GetCapture4), (6 bytes).
    Removing stm32f10x_tim.o(i.TIM_GetCounter), (4 bytes).
    Removing stm32f10x_tim.o(i.TIM_GetITStatus), (24 bytes).
    Removing stm32f10x_tim.o(i.TIM_GetPrescaler), (4 bytes).
    Removing stm32f10x_tim.o(i.TIM_ICInit), (160 bytes).
    Removing stm32f10x_tim.o(i.TIM_ICStructInit), (16 bytes).
    Removing stm32f10x_tim.o(i.TIM_ITRxExternalClockConfig), (20 bytes).
    Removing stm32f10x_tim.o(i.TIM_InternalClockConfig), (10 bytes).
    Removing stm32f10x_tim.o(i.TIM_OC1FastConfig), (12 bytes).
    Removing stm32f10x_tim.o(i.TIM_OC1NPolarityConfig), (12 bytes).
    Removing stm32f10x_tim.o(i.TIM_OC1PolarityConfig), (12 bytes).
    Removing stm32f10x_tim.o(i.TIM_OC2FastConfig), (14 bytes).
    Removing stm32f10x_tim.o(i.TIM_OC2Init), (124 bytes).
    Removing stm32f10x_tim.o(i.TIM_OC2NPolarityConfig), (14 bytes).
    Removing stm32f10x_tim.o(i.TIM_OC2PolarityConfig), (14 bytes).
    Removing stm32f10x_tim.o(i.TIM_OC2PreloadConfig), (14 bytes).
    Removing stm32f10x_tim.o(i.TIM_OC3FastConfig), (12 bytes).
    Removing stm32f10x_tim.o(i.TIM_OC3Init), (120 bytes).
    Removing stm32f10x_tim.o(i.TIM_OC3NPolarityConfig), (14 bytes).
    Removing stm32f10x_tim.o(i.TIM_OC3PolarityConfig), (14 bytes).
    Removing stm32f10x_tim.o(i.TIM_OC3PreloadConfig), (12 bytes).
    Removing stm32f10x_tim.o(i.TIM_OC4FastConfig), (14 bytes).
    Removing stm32f10x_tim.o(i.TIM_OC4Init), (96 bytes).
    Removing stm32f10x_tim.o(i.TIM_OC4PolarityConfig), (14 bytes).
    Removing stm32f10x_tim.o(i.TIM_OC4PreloadConfig), (14 bytes).
    Removing stm32f10x_tim.o(i.TIM_OCStructInit), (20 bytes).
    Removing stm32f10x_tim.o(i.TIM_PWMIConfig), (108 bytes).
    Removing stm32f10x_tim.o(i.TIM_PrescalerConfig), (6 bytes).
    Removing stm32f10x_tim.o(i.TIM_SelectCCDMA), (20 bytes).
    Removing stm32f10x_tim.o(i.TIM_SelectCOM), (20 bytes).
    Removing stm32f10x_tim.o(i.TIM_SelectHallSensor), (20 bytes).
    Removing stm32f10x_tim.o(i.TIM_SelectInputTrigger), (12 bytes).
    Removing stm32f10x_tim.o(i.TIM_SelectMasterSlaveMode), (16 bytes).
    Removing stm32f10x_tim.o(i.TIM_SelectOCxM), (62 bytes).
    Removing stm32f10x_tim.o(i.TIM_SelectOnePulseMode), (18 bytes).
    Removing stm32f10x_tim.o(i.TIM_SelectOutputTrigger), (16 bytes).
    Removing stm32f10x_tim.o(i.TIM_SelectSlaveMode), (16 bytes).
    Removing stm32f10x_tim.o(i.TIM_SetAutoreload), (4 bytes).
    Removing stm32f10x_tim.o(i.TIM_SetClockDivision), (14 bytes).
    Removing stm32f10x_tim.o(i.TIM_SetCompare1), (4 bytes).
    Removing stm32f10x_tim.o(i.TIM_SetCompare2), (4 bytes).
    Removing stm32f10x_tim.o(i.TIM_SetCompare3), (4 bytes).
    Removing stm32f10x_tim.o(i.TIM_SetCompare4), (6 bytes).
    Removing stm32f10x_tim.o(i.TIM_SetCounter), (4 bytes).
    Removing stm32f10x_tim.o(i.TIM_SetIC1Prescaler), (16 bytes).
    Removing stm32f10x_tim.o(i.TIM_SetIC2Prescaler), (18 bytes).
    Removing stm32f10x_tim.o(i.TIM_SetIC3Prescaler), (16 bytes).
    Removing stm32f10x_tim.o(i.TIM_SetIC4Prescaler), (18 bytes).
    Removing stm32f10x_tim.o(i.TIM_TIxExternalClockConfig), (46 bytes).
    Removing stm32f10x_tim.o(i.TIM_TimeBaseStructInit), (18 bytes).
    Removing stm32f10x_tim.o(i.TIM_UpdateDisableConfig), (22 bytes).
    Removing stm32f10x_tim.o(i.TIM_UpdateRequestConfig), (22 bytes).
    Removing stm32f10x_usart.o(i.USART_ClearFlag), (6 bytes).
    Removing stm32f10x_usart.o(i.USART_ClearITPendingBit), (12 bytes).
    Removing stm32f10x_usart.o(i.USART_ClockInit), (30 bytes).
    Removing stm32f10x_usart.o(i.USART_ClockStructInit), (12 bytes).
    Removing stm32f10x_usart.o(i.USART_DMACmd), (16 bytes).
    Removing stm32f10x_usart.o(i.USART_DeInit), (108 bytes).
    Removing stm32f10x_usart.o(i.USART_GetFlagStatus), (14 bytes).
    Removing stm32f10x_usart.o(i.USART_HalfDuplexCmd), (20 bytes).
    Removing stm32f10x_usart.o(i.USART_IrDACmd), (20 bytes).
    Removing stm32f10x_usart.o(i.USART_IrDAConfig), (16 bytes).
    Removing stm32f10x_usart.o(i.USART_LINBreakDetectLengthConfig), (16 bytes).
    Removing stm32f10x_usart.o(i.USART_LINCmd), (20 bytes).
    Removing stm32f10x_usart.o(i.USART_ReceiverWakeUpCmd), (20 bytes).
    Removing stm32f10x_usart.o(i.USART_SendBreak), (10 bytes).
    Removing stm32f10x_usart.o(i.USART_SetAddress), (16 bytes).
    Removing stm32f10x_usart.o(i.USART_SetGuardTime), (16 bytes).
    Removing stm32f10x_usart.o(i.USART_SetPrescaler), (16 bytes).
    Removing stm32f10x_usart.o(i.USART_SmartCardCmd), (20 bytes).
    Removing stm32f10x_usart.o(i.USART_SmartCardNACKCmd), (20 bytes).
    Removing stm32f10x_usart.o(i.USART_StructInit), (22 bytes).
    Removing stm32f10x_usart.o(i.USART_WakeUpConfig), (16 bytes).
    Removing cortexm3_macro.o(.text), (122 bytes).

235 unused section(s) (total 8677 bytes) removed from the image.

==============================================================================

Image Symbol Table

    Local Symbols

    Symbol Name                              Value     Ov Type        Size  Object(Section)

    ../../microlib/init/entry.s              0x00000000   Number         0  entry.o ABSOLUTE
    ../../microlib/init/entry.s              0x00000000   Number         0  entry2.o ABSOLUTE
    ../../microlib/init/entry.s              0x00000000   Number         0  entry5.o ABSOLUTE
    ../../microlib/init/entry.s              0x00000000   Number         0  entry7.o ABSOLUTE
    cortexm3_macro.s                         0x00000000   Number         0  cortexm3_macro.o ABSOLUTE
    dc.s                                     0x00000000   Number         0  dc.o ABSOLUTE
    function.c                               0x00000000   Number         0  function.o ABSOLUTE
    handlers.s                               0x00000000   Number         0  handlers.o ABSOLUTE
    init.s                                   0x00000000   Number         0  init.o ABSOLUTE
    main.c                                   0x00000000   Number         0  main.o ABSOLUTE
    motion.c                                 0x00000000   Number         0  motion.o ABSOLUTE
    stm32f10x_adc.c                          0x00000000   Number         0  stm32f10x_adc.o ABSOLUTE
    stm32f10x_exti.c                         0x00000000   Number         0  stm32f10x_exti.o ABSOLUTE
    stm32f10x_flash.c                        0x00000000   Number         0  stm32f10x_flash.o ABSOLUTE
    stm32f10x_gpio.c                         0x00000000   Number         0  stm32f10x_gpio.o ABSOLUTE
    stm32f10x_it.c                           0x00000000   Number         0  stm32f10x_it.o ABSOLUTE
    stm32f10x_nvic.c                         0x00000000   Number         0  stm32f10x_nvic.o ABSOLUTE
    stm32f10x_rcc.c                          0x00000000   Number         0  stm32f10x_rcc.o ABSOLUTE
    stm32f10x_spi.c                          0x00000000   Number         0  stm32f10x_spi.o ABSOLUTE
    stm32f10x_systick.c                      0x00000000   Number         0  stm32f10x_systick.o ABSOLUTE
    stm32f10x_tim.c                          0x00000000   Number         0  stm32f10x_tim.o ABSOLUTE
    stm32f10x_usart.c                        0x00000000   Number         0  stm32f10x_usart.o ABSOLUTE
    stm32f10x_vector.s                       0x00000000   Number         0  stm32f10x_vector.o ABSOLUTE
    RESET                                    0x08000000   Section      304  stm32f10x_vector.o(RESET)
    .ARM.Collect$$$$00000000                 0x08000130   Section        0  entry.o(.ARM.Collect$$$$00000000)
    .ARM.Collect$$$$00000001                 0x08000130   Section        4  entry2.o(.ARM.Collect$$$$00000001)
    .ARM.Collect$$$$00000004                 0x08000134   Section        4  entry5.o(.ARM.Collect$$$$00000004)
    .ARM.Collect$$$$00000007                 0x08000138   Section        8  entry7.o(.ARM.Collect$$$$00000007)
    .ARM.Collect$$$$00002712                 0x08000140   Section        4  entry2.o(.ARM.Collect$$$$00002712)
    __lit__00000000                          0x08000140   Data           4  entry2.o(.ARM.Collect$$$$00002712)
    .text                                    0x08000144   Section        8  stm32f10x_vector.o(.text)
    .text                                    0x0800014c   Section       36  init.o(.text)
    i.ADC                                    0x08000170   Section       80  function.o(i.ADC)
    i.ADC1_2_IRQHandler                      0x080001c0   Section        2  stm32f10x_it.o(i.ADC1_2_IRQHandler)
    i.ADC3_IRQHandler                        0x080001c2   Section        2  stm32f10x_it.o(i.ADC3_IRQHandler)
    i.ADC_Cmd                                0x080001c4   Section       20  stm32f10x_adc.o(i.ADC_Cmd)
    i.ADC_Config                             0x080001d8   Section      164  function.o(i.ADC_Config)
    i.ADC_GetCalibrationStatus               0x0800027c   Section       14  stm32f10x_adc.o(i.ADC_GetCalibrationStatus)
    i.ADC_GetConversionValue                 0x0800028a   Section        6  stm32f10x_adc.o(i.ADC_GetConversionValue)
    i.ADC_GetFlagStatus                      0x08000290   Section       14  stm32f10x_adc.o(i.ADC_GetFlagStatus)
    i.ADC_GetResetCalibrationStatus          0x0800029e   Section       14  stm32f10x_adc.o(i.ADC_GetResetCalibrationStatus)
    i.ADC_Init                               0x080002ac   Section       72  stm32f10x_adc.o(i.ADC_Init)
    i.ADC_RegularChannelConfig               0x080002f4   Section      116  stm32f10x_adc.o(i.ADC_RegularChannelConfig)
    i.ADC_ResetCalibration                   0x08000368   Section       10  stm32f10x_adc.o(i.ADC_ResetCalibration)
    i.ADC_SoftwareStartConvCmd               0x08000372   Section       20  stm32f10x_adc.o(i.ADC_SoftwareStartConvCmd)
    i.ADC_StartCalibration                   0x08000386   Section       10  stm32f10x_adc.o(i.ADC_StartCalibration)
    i.AK5351_Config                          0x08000390   Section      264  function.o(i.AK5351_Config)
    i.AK_Conv                                0x08000498   Section      300  function.o(i.AK_Conv)
    i.Air                                    0x080005c4   Section      232  motion.o(i.Air)
    i.AirFirst                               0x080006ac   Section      214  motion.o(i.AirFirst)
    i.BaseFirst                              0x08000782   Section      384  motion.o(i.BaseFirst)
    i.Baseline                               0x08000904   Section      548  motion.o(i.Baseline)
    i.BusFaultException                      0x08000b28   Section        2  stm32f10x_it.o(i.BusFaultException)
    i.CAN_RX1_IRQHandler                     0x08000b2a   Section        2  stm32f10x_it.o(i.CAN_RX1_IRQHandler)
    i.CAN_SCE_IRQHandler                     0x08000b2c   Section        2  stm32f10x_it.o(i.CAN_SCE_IRQHandler)
    i.ChannelMeas                            0x08000b30   Section      188  motion.o(i.ChannelMeas)
    i.DMA1_Channel1_IRQHandler               0x08000bec   Section        2  stm32f10x_it.o(i.DMA1_Channel1_IRQHandler)
    i.DMA1_Channel2_IRQHandler               0x08000bee   Section        2  stm32f10x_it.o(i.DMA1_Channel2_IRQHandler)
    i.DMA1_Channel3_IRQHandler               0x08000bf0   Section        2  stm32f10x_it.o(i.DMA1_Channel3_IRQHandler)
    i.DMA1_Channel4_IRQHandler               0x08000bf2   Section        2  stm32f10x_it.o(i.DMA1_Channel4_IRQHandler)
    i.DMA1_Channel5_IRQHandler               0x08000bf4   Section        2  stm32f10x_it.o(i.DMA1_Channel5_IRQHandler)
    i.DMA1_Channel6_IRQHandler               0x08000bf6   Section        2  stm32f10x_it.o(i.DMA1_Channel6_IRQHandler)
    i.DMA1_Channel7_IRQHandler               0x08000bf8   Section        2  stm32f10x_it.o(i.DMA1_Channel7_IRQHandler)
    i.DMA2_Channel1_IRQHandler               0x08000bfa   Section        2  stm32f10x_it.o(i.DMA2_Channel1_IRQHandler)
    i.DMA2_Channel2_IRQHandler               0x08000bfc   Section        2  stm32f10x_it.o(i.DMA2_Channel2_IRQHandler)
    i.DMA2_Channel3_IRQHandler               0x08000bfe   Section        2  stm32f10x_it.o(i.DMA2_Channel3_IRQHandler)
    i.DMA2_Channel4_5_IRQHandler             0x08000c00   Section        2  stm32f10x_it.o(i.DMA2_Channel4_5_IRQHandler)
    i.DebugMonitor                           0x08000c02   Section        2  stm32f10x_it.o(i.DebugMonitor)
    i.Delay5ms                               0x08000c04   Section       36  function.o(i.Delay5ms)
    i.Delay5ms_Config                        0x08000c28   Section       42  function.o(i.Delay5ms_Config)
    i.EXTI0_IRQHandler                       0x08000c52   Section        2  stm32f10x_it.o(i.EXTI0_IRQHandler)
    i.EXTI15_10_IRQHandler                   0x08000c54   Section      100  stm32f10x_it.o(i.EXTI15_10_IRQHandler)
    i.EXTI1_IRQHandler                       0x08000cb8   Section        2  stm32f10x_it.o(i.EXTI1_IRQHandler)
    i.EXTI2_IRQHandler                       0x08000cba   Section        2  stm32f10x_it.o(i.EXTI2_IRQHandler)
    i.EXTI3_IRQHandler                       0x08000cbc   Section        2  stm32f10x_it.o(i.EXTI3_IRQHandler)
    i.EXTI4_IRQHandler                       0x08000cbe   Section        2  stm32f10x_it.o(i.EXTI4_IRQHandler)
    i.EXTI9_5_IRQHandler                     0x08000cc0   Section        2  stm32f10x_it.o(i.EXTI9_5_IRQHandler)
    i.EXTI_ClearITPendingBit                 0x08000cc4   Section       12  stm32f10x_exti.o(i.EXTI_ClearITPendingBit)
    i.EXTI_Config                            0x08000cd0   Section       64  function.o(i.EXTI_Config)
    i.EXTI_GetITStatus                       0x08000d10   Section       28  stm32f10x_exti.o(i.EXTI_GetITStatus)
    i.EXTI_Init                              0x08000d2c   Section      140  stm32f10x_exti.o(i.EXTI_Init)
    i.Exqueue                                0x08000db8   Section       52  function.o(i.Exqueue)
    i.FLASH_IRQHandler                       0x08000dec   Section        2  stm32f10x_it.o(i.FLASH_IRQHandler)
    i.FLASH_PrefetchBufferCmd                0x08000df0   Section       24  stm32f10x_flash.o(i.FLASH_PrefetchBufferCmd)
    i.FLASH_SetLatency                       0x08000e08   Section       24  stm32f10x_flash.o(i.FLASH_SetLatency)
    i.FSMC_IRQHandler                        0x08000e20   Section        2  stm32f10x_it.o(i.FSMC_IRQHandler)
    i.GPIO_Configuration                     0x08000e24   Section       92  function.o(i.GPIO_Configuration)
    i.GPIO_EXTILineConfig                    0x08000e80   Section       40  stm32f10x_gpio.o(i.GPIO_EXTILineConfig)
    i.GPIO_Init                              0x08000ea8   Section      158  stm32f10x_gpio.o(i.GPIO_Init)
    i.GPIO_ReadInputDataBit                  0x08000f46   Section       14  stm32f10x_gpio.o(i.GPIO_ReadInputDataBit)
    i.GPIO_ReadOutputDataBit                 0x08000f54   Section       14  stm32f10x_gpio.o(i.GPIO_ReadOutputDataBit)
    i.GPIO_ResetBits                         0x08000f62   Section        4  stm32f10x_gpio.o(i.GPIO_ResetBits)
    i.GPIO_SetBits                           0x08000f66   Section        4  stm32f10x_gpio.o(i.GPIO_SetBits)
    i.GPIO_WriteBit                          0x08000f6a   Section       10  stm32f10x_gpio.o(i.GPIO_WriteBit)
    i.HardFaultException                     0x08000f74   Section        2  stm32f10x_it.o(i.HardFaultException)
    i.I2C1_ER_IRQHandler                     0x08000f76   Section        2  stm32f10x_it.o(i.I2C1_ER_IRQHandler)
    i.I2C1_EV_IRQHandler                     0x08000f78   Section        2  stm32f10x_it.o(i.I2C1_EV_IRQHandler)
    i.I2C2_ER_IRQHandler                     0x08000f7a   Section        2  stm32f10x_it.o(i.I2C2_ER_IRQHandler)
    i.I2C2_EV_IRQHandler                     0x08000f7c   Section        2  stm32f10x_it.o(i.I2C2_EV_IRQHandler)
    i.I2S_Cmd                                0x08000f7e   Section       20  stm32f10x_spi.o(i.I2S_Cmd)
    i.I2S_Init                               0x08000f92   Section      152  stm32f10x_spi.o(i.I2S_Init)
    i.Inqueue                                0x0800102c   Section       64  function.o(i.Inqueue)
    i.IsTripSwitchClosed                     0x0800106c   Section       16  function.o(i.IsTripSwitchClosed)
    i.LED                                    0x0800107c   Section       52  function.o(i.LED)
    i.LightModulation                        0x080010b0   Section      264  function.o(i.LightModulation)
    i.LightModulation_Config                 0x080011b8   Section      100  function.o(i.LightModulation_Config)
    i.MemManageException                     0x0800121c   Section        2  stm32f10x_it.o(i.MemManageException)
    i.Motor_Config                           0x08001220   Section      204  function.o(i.Motor_Config)
    i.Motor_Init                             0x080012ec   Section      188  motion.o(i.Motor_Init)
    i.Motorun                                0x080013a8   Section      536  function.o(i.Motorun)
    i.NMIException                           0x080015c0   Section        2  stm32f10x_it.o(i.NMIException)
    i.NVIC_Configuration                     0x080015c2   Section      176  function.o(i.NVIC_Configuration)
    i.NVIC_Init                              0x08001672   Section      116  stm32f10x_nvic.o(i.NVIC_Init)
    i.NVIC_PriorityGroupConfig               0x080016e8   Section       20  stm32f10x_nvic.o(i.NVIC_PriorityGroupConfig)
    i.NVIC_SetVectorTable                    0x080016fc   Section       20  stm32f10x_nvic.o(i.NVIC_SetVectorTable)
    i.PVD_IRQHandler                         0x08001710   Section        2  stm32f10x_it.o(i.PVD_IRQHandler)
    i.PendSVC                                0x08001712   Section        2  stm32f10x_it.o(i.PendSVC)
    i.QLength                                0x08001714   Section       36  function.o(i.QLength)
    i.RCC_APB1PeriphClockCmd                 0x08001738   Section       24  stm32f10x_rcc.o(i.RCC_APB1PeriphClockCmd)
    i.RCC_APB2PeriphClockCmd                 0x08001750   Section       24  stm32f10x_rcc.o(i.RCC_APB2PeriphClockCmd)
    i.RCC_Configuration                      0x08001768   Section      120  function.o(i.RCC_Configuration)
    i.RCC_DeInit                             0x080017e0   Section       60  stm32f10x_rcc.o(i.RCC_DeInit)
    i.RCC_GetClocksFreq                      0x0800181c   Section      164  stm32f10x_rcc.o(i.RCC_GetClocksFreq)
    i.RCC_GetFlagStatus                      0x080018c0   Section       48  stm32f10x_rcc.o(i.RCC_GetFlagStatus)
    i.RCC_GetSYSCLKSource                    0x080018f0   Section       16  stm32f10x_rcc.o(i.RCC_GetSYSCLKSource)
    i.RCC_HCLKConfig                         0x08001900   Section       20  stm32f10x_rcc.o(i.RCC_HCLKConfig)
    i.RCC_HSEConfig                          0x08001914   Section       52  stm32f10x_rcc.o(i.RCC_HSEConfig)
    i.RCC_IRQHandler                         0x08001948   Section        2  stm32f10x_it.o(i.RCC_IRQHandler)
    i.RCC_PCLK1Config                        0x0800194c   Section       20  stm32f10x_rcc.o(i.RCC_PCLK1Config)
    i.RCC_PCLK2Config                        0x08001960   Section       20  stm32f10x_rcc.o(i.RCC_PCLK2Config)
    i.RCC_PLLCmd                             0x08001974   Section       12  stm32f10x_rcc.o(i.RCC_PLLCmd)
    i.RCC_PLLConfig                          0x08001980   Section       20  stm32f10x_rcc.o(i.RCC_PLLConfig)
    i.RCC_SYSCLKConfig                       0x08001994   Section       20  stm32f10x_rcc.o(i.RCC_SYSCLKConfig)
    i.RCC_WaitForHSEStartUp                  0x080019a8   Section       52  stm32f10x_rcc.o(i.RCC_WaitForHSEStartUp)
    i.RTCAlarm_IRQHandler                    0x080019dc   Section        2  stm32f10x_it.o(i.RTCAlarm_IRQHandler)
    i.RTC_IRQHandler                         0x080019de   Section        2  stm32f10x_it.o(i.RTC_IRQHandler)
    i.SDIO_IRQHandler                        0x080019e0   Section        2  stm32f10x_it.o(i.SDIO_IRQHandler)
    i.SPI1_IRQHandler                        0x080019e2   Section        2  stm32f10x_it.o(i.SPI1_IRQHandler)
    i.SPI2_IRQHandler                        0x080019e4   Section      180  stm32f10x_it.o(i.SPI2_IRQHandler)
    i.SPI3_IRQHandler                        0x08001a98   Section        2  stm32f10x_it.o(i.SPI3_IRQHandler)
    i.SPI_I2S_ClearITPendingBit              0x08001a9a   Section       42  stm32f10x_spi.o(i.SPI_I2S_ClearITPendingBit)
    i.SPI_I2S_GetFlagStatus                  0x08001ac4   Section       14  stm32f10x_spi.o(i.SPI_I2S_GetFlagStatus)
    i.SPI_I2S_GetITStatus                    0x08001ad2   Section       44  stm32f10x_spi.o(i.SPI_I2S_GetITStatus)
    i.SPI_I2S_ITConfig                       0x08001afe   Section       24  stm32f10x_spi.o(i.SPI_I2S_ITConfig)
    i.SPI_I2S_ReceiveData                    0x08001b16   Section        4  stm32f10x_spi.o(i.SPI_I2S_ReceiveData)
    i.SVCHandler                             0x08001b1a   Section        2  stm32f10x_it.o(i.SVCHandler)
    i.Sample                                 0x08001b1c   Section      404  motion.o(i.Sample)
    i.SampleFirst                            0x08001cb0   Section      384  motion.o(i.SampleFirst)
    i.SamplePosition                         0x08001e30   Section      228  function.o(i.SamplePosition)
    i.SendData                               0x08001f14   Section       48  function.o(i.SendData)
    i.Speaker_Config                         0x08001f44   Section       48  function.o(i.Speaker_Config)
    i.SysTickHandler                         0x08001f74   Section       52  stm32f10x_it.o(i.SysTickHandler)
    i.SysTick_CLKSourceConfig                0x08001fa8   Section       24  stm32f10x_systick.o(i.SysTick_CLKSourceConfig)
    i.SysTick_CounterCmd                     0x08001fc0   Section       36  stm32f10x_systick.o(i.SysTick_CounterCmd)
    i.SysTick_ITConfig                       0x08001fe4   Section       24  stm32f10x_systick.o(i.SysTick_ITConfig)
    i.SysTick_SetReload                      0x08001ffc   Section        8  stm32f10x_systick.o(i.SysTick_SetReload)
    i.Sys_100msClock_Config                  0x08002004   Section       84  function.o(i.Sys_100msClock_Config)
    i.System_Init                            0x08002058   Section       58  main.o(i.System_Init)
    i.TAMPER_IRQHandler                      0x08002092   Section        2  stm32f10x_it.o(i.TAMPER_IRQHandler)
    i.TIM1_BRK_IRQHandler                    0x08002094   Section        2  stm32f10x_it.o(i.TIM1_BRK_IRQHandler)
    i.TIM1_CC_IRQHandler                     0x08002096   Section        2  stm32f10x_it.o(i.TIM1_CC_IRQHandler)
    i.TIM1_TRG_COM_IRQHandler                0x08002098   Section        2  stm32f10x_it.o(i.TIM1_TRG_COM_IRQHandler)
    i.TIM1_UP_IRQHandler                     0x0800209c   Section      276  stm32f10x_it.o(i.TIM1_UP_IRQHandler)
    i.TIM2_IRQHandler                        0x080021b0   Section      372  stm32f10x_it.o(i.TIM2_IRQHandler)
    i.TIM3_IRQHandler                        0x08002324   Section      240  stm32f10x_it.o(i.TIM3_IRQHandler)
    i.TIM4_IRQHandler                        0x08002414   Section        2  stm32f10x_it.o(i.TIM4_IRQHandler)
    i.TIM5_IRQHandler                        0x08002416   Section        2  stm32f10x_it.o(i.TIM5_IRQHandler)
    i.TIM6_IRQHandler                        0x08002418   Section       12  stm32f10x_it.o(i.TIM6_IRQHandler)
    i.TIM7_IRQHandler                        0x08002424   Section        2  stm32f10x_it.o(i.TIM7_IRQHandler)
    i.TIM8_BRK_IRQHandler                    0x08002426   Section        2  stm32f10x_it.o(i.TIM8_BRK_IRQHandler)
    i.TIM8_CC_IRQHandler                     0x08002428   Section        2  stm32f10x_it.o(i.TIM8_CC_IRQHandler)
    i.TIM8_TRG_COM_IRQHandler                0x0800242a   Section        2  stm32f10x_it.o(i.TIM8_TRG_COM_IRQHandler)
    i.TIM8_UP_IRQHandler                     0x0800242c   Section        2  stm32f10x_it.o(i.TIM8_UP_IRQHandler)
    i.TIM_ARRPreloadConfig                   0x0800242e   Section       22  stm32f10x_tim.o(i.TIM_ARRPreloadConfig)
    i.TIM_ClearFlag                          0x08002444   Section        6  stm32f10x_tim.o(i.TIM_ClearFlag)
    i.TIM_ClearITPendingBit                  0x0800244a   Section        6  stm32f10x_tim.o(i.TIM_ClearITPendingBit)
    i.TIM_Cmd                                0x08002450   Section       22  stm32f10x_tim.o(i.TIM_Cmd)
    i.TIM_CtrlPWMOutputs                     0x08002466   Section       22  stm32f10x_tim.o(i.TIM_CtrlPWMOutputs)
    i.TIM_GetFlagStatus                      0x0800247c   Section       14  stm32f10x_tim.o(i.TIM_GetFlagStatus)
    i.TIM_ITConfig                           0x0800248a   Section       16  stm32f10x_tim.o(i.TIM_ITConfig)
    i.TIM_OC1Init                            0x0800249c   Section       96  stm32f10x_tim.o(i.TIM_OC1Init)
    i.TIM_OC1PreloadConfig                   0x080024fc   Section       12  stm32f10x_tim.o(i.TIM_OC1PreloadConfig)
    i.TIM_TimeBaseInit                       0x08002508   Section       60  stm32f10x_tim.o(i.TIM_TimeBaseInit)
    i.Test                                   0x08002544   Section      372  motion.o(i.Test)
    i.UART4_IRQHandler                       0x080026b8   Section        2  stm32f10x_it.o(i.UART4_IRQHandler)
    i.UART5_IRQHandler                       0x080026ba   Section        2  stm32f10x_it.o(i.UART5_IRQHandler)
    i.USART1_IRQHandler                      0x080026bc   Section      836  stm32f10x_it.o(i.USART1_IRQHandler)
    i.USART2_IRQHandler                      0x08002a00   Section        2  stm32f10x_it.o(i.USART2_IRQHandler)
    i.USART3_IRQHandler                      0x08002a02   Section        2  stm32f10x_it.o(i.USART3_IRQHandler)
    i.USART_Cmd                              0x08002a04   Section       20  stm32f10x_usart.o(i.USART_Cmd)
    i.USART_GetITStatus                      0x08002a18   Section       62  stm32f10x_usart.o(i.USART_GetITStatus)
    i.USART_ITConfig                         0x08002a56   Section       48  stm32f10x_usart.o(i.USART_ITConfig)
    i.USART_Init                             0x08002a88   Section      140  stm32f10x_usart.o(i.USART_Init)
    i.USART_ReceiveData                      0x08002b14   Section        8  stm32f10x_usart.o(i.USART_ReceiveData)
    i.USART_SendData                         0x08002b1c   Section        8  stm32f10x_usart.o(i.USART_SendData)
    i.USBWakeUp_IRQHandler                   0x08002b24   Section        2  stm32f10x_it.o(i.USBWakeUp_IRQHandler)
    i.USB_HP_CAN_TX_IRQHandler               0x08002b26   Section        2  stm32f10x_it.o(i.USB_HP_CAN_TX_IRQHandler)
    i.USB_LP_CAN_RX0_IRQHandler              0x08002b28   Section        2  stm32f10x_it.o(i.USB_LP_CAN_RX0_IRQHandler)
    i.Uart1_Config                           0x08002b2c   Section      128  function.o(i.Uart1_Config)
    i.UsageFaultException                    0x08002bac   Section        2  stm32f10x_it.o(i.UsageFaultException)
    i.Valve                                  0x08002bb0   Section      244  function.o(i.Valve)
    i.Valve_GPIO_Config                      0x08002ca4   Section      220  function.o(i.Valve_GPIO_Config)
    i.WWDG_IRQHandler                        0x08002d80   Section        2  stm32f10x_it.o(i.WWDG_IRQHandler)
    i.__scatterload_copy                     0x08002d82   Section       14  handlers.o(i.__scatterload_copy)
    i.__scatterload_null                     0x08002d90   Section        2  handlers.o(i.__scatterload_null)
    i.__scatterload_zeroinit                 0x08002d92   Section       14  handlers.o(i.__scatterload_zeroinit)
    i.main                                   0x08002da0   Section      268  main.o(i.main)
    i.weedavg                                0x08002eac   Section       94  function.o(i.weedavg)
    .constdata                               0x08002f0c   Section      400  function.o(.constdata)
    .constdata                               0x0800309c   Section       20  stm32f10x_rcc.o(.constdata)
    ADCPrescTable                            0x0800309c   Data           4  stm32f10x_rcc.o(.constdata)
    APBAHBPrescTable                         0x080030a0   Data          16  stm32f10x_rcc.o(.constdata)
    .data                                    0x20000000   Section        4  function.o(.data)
    .data                                    0x20000004   Section       60  function.o(.data)
    .data                                    0x20000040   Section        4  function.o(.data)
    .data                                    0x20000044   Section        1  function.o(.data)
    .data                                    0x20000048   Section        4  function.o(.data)
    .data                                    0x2000004c   Section        1  function.o(.data)
    .data                                    0x2000004e   Section       10  motion.o(.data)
    .data                                    0x20000058   Section        8  motion.o(.data)
    .data                                    0x20000060   Section        8  stm32f10x_rcc.o(.data)
    HSEStatus                                0x20000060   Data           1  stm32f10x_rcc.o(.data)
    StartUpCounter                           0x20000064   Data           4  stm32f10x_rcc.o(.data)
    .bss                                     0x20000068   Section    58072  function.o(.bss)
    .bss                                     0x2000e340   Section       64  function.o(.bss)
    STACK                                    0x2000e380   Section     2048  stm32f10x_vector.o(STACK)

    Global Symbols

    Symbol Name                              Value     Ov Type        Size  Object(Section)

    BuildAttributes$$THM_ISAv4$P$D$K$B$S$PE$A:L22UL41UL21$X:L11$S22US41US21$IEEE1$IW$USESV6$~STKCKD$USESV7$~SHL$OSPACE$EBA8$MICROLIB$REQ8$PRES8$EABIv2 0x00000000   Number         0  anon$$obj.o ABSOLUTE
    __ARM_use_no_argv                        0x00000000   Number         0  main.o ABSOLUTE
    __decompress                              - Undefined Weak Reference
    __Vectors                                0x08000000   Data           4  stm32f10x_vector.o(RESET)
    __main                                   0x08000131   Thumb Code     0  entry.o(.ARM.Collect$$$$00000000)
    _main_stk                                0x08000131   Thumb Code     0  entry2.o(.ARM.Collect$$$$00000001)
    _main_scatterload                        0x08000135   Thumb Code     0  entry5.o(.ARM.Collect$$$$00000004)
    __main_after_scatterload                 0x08000139   Thumb Code     0  entry5.o(.ARM.Collect$$$$00000004)
    _main_init                               0x08000139   Thumb Code     0  entry7.o(.ARM.Collect$$$$00000007)
    Reset_Handler                            0x08000145   Thumb Code     4  stm32f10x_vector.o(.text)
    __scatterload                            0x0800014d   Thumb Code    28  init.o(.text)
    __scatterload_rt2                        0x0800014d   Thumb Code     0  init.o(.text)
    ADC                                      0x08000171   Thumb Code    70  function.o(i.ADC)
    ADC1_2_IRQHandler                        0x080001c1   Thumb Code     2  stm32f10x_it.o(i.ADC1_2_IRQHandler)
    ADC3_IRQHandler                          0x080001c3   Thumb Code     2  stm32f10x_it.o(i.ADC3_IRQHandler)
    ADC_Cmd                                  0x080001c5   Thumb Code    20  stm32f10x_adc.o(i.ADC_Cmd)
    ADC_Config                               0x080001d9   Thumb Code   146  function.o(i.ADC_Config)
    ADC_GetCalibrationStatus                 0x0800027d   Thumb Code    14  stm32f10x_adc.o(i.ADC_GetCalibrationStatus)
    ADC_GetConversionValue                   0x0800028b   Thumb Code     6  stm32f10x_adc.o(i.ADC_GetConversionValue)
    ADC_GetFlagStatus                        0x08000291   Thumb Code    14  stm32f10x_adc.o(i.ADC_GetFlagStatus)
    ADC_GetResetCalibrationStatus            0x0800029f   Thumb Code    14  stm32f10x_adc.o(i.ADC_GetResetCalibrationStatus)
    ADC_Init                                 0x080002ad   Thumb Code    62  stm32f10x_adc.o(i.ADC_Init)
    ADC_RegularChannelConfig                 0x080002f5   Thumb Code   116  stm32f10x_adc.o(i.ADC_RegularChannelConfig)
    ADC_ResetCalibration                     0x08000369   Thumb Code    10  stm32f10x_adc.o(i.ADC_ResetCalibration)
    ADC_SoftwareStartConvCmd                 0x08000373   Thumb Code    20  stm32f10x_adc.o(i.ADC_SoftwareStartConvCmd)
    ADC_StartCalibration                     0x08000387   Thumb Code    10  stm32f10x_adc.o(i.ADC_StartCalibration)
    AK5351_Config                            0x08000391   Thumb Code   242  function.o(i.AK5351_Config)
    AK_Conv                                  0x08000499   Thumb Code   288  function.o(i.AK_Conv)
    Air                                      0x080005c5   Thumb Code   232  motion.o(i.Air)
    AirFirst                                 0x080006ad   Thumb Code   214  motion.o(i.AirFirst)
    BaseFirst                                0x08000783   Thumb Code   384  motion.o(i.BaseFirst)
    Baseline                                 0x08000905   Thumb Code   544  motion.o(i.Baseline)
    BusFaultException                        0x08000b29   Thumb Code     2  stm32f10x_it.o(i.BusFaultException)
    BusFault_Handler                         0x08000b29   Thumb Code     0  stm32f10x_it.o(i.BusFaultException)
    CAN_RX1_IRQHandler                       0x08000b2b   Thumb Code     2  stm32f10x_it.o(i.CAN_RX1_IRQHandler)
    CAN_SCE_IRQHandler                       0x08000b2d   Thumb Code     2  stm32f10x_it.o(i.CAN_SCE_IRQHandler)
    ChannelMeas                              0x08000b31   Thumb Code   176  motion.o(i.ChannelMeas)
    DMA1_Channel1_IRQHandler                 0x08000bed   Thumb Code     2  stm32f10x_it.o(i.DMA1_Channel1_IRQHandler)
    DMA1_Channel2_IRQHandler                 0x08000bef   Thumb Code     2  stm32f10x_it.o(i.DMA1_Channel2_IRQHandler)
    DMA1_Channel3_IRQHandler                 0x08000bf1   Thumb Code     2  stm32f10x_it.o(i.DMA1_Channel3_IRQHandler)
    DMA1_Channel4_IRQHandler                 0x08000bf3   Thumb Code     2  stm32f10x_it.o(i.DMA1_Channel4_IRQHandler)
    DMA1_Channel5_IRQHandler                 0x08000bf5   Thumb Code     2  stm32f10x_it.o(i.DMA1_Channel5_IRQHandler)
    DMA1_Channel6_IRQHandler                 0x08000bf7   Thumb Code     2  stm32f10x_it.o(i.DMA1_Channel6_IRQHandler)
    DMA1_Channel7_IRQHandler                 0x08000bf9   Thumb Code     2  stm32f10x_it.o(i.DMA1_Channel7_IRQHandler)
    DMA2_Channel1_IRQHandler                 0x08000bfb   Thumb Code     2  stm32f10x_it.o(i.DMA2_Channel1_IRQHandler)
    DMA2_Channel2_IRQHandler                 0x08000bfd   Thumb Code     2  stm32f10x_it.o(i.DMA2_Channel2_IRQHandler)
    DMA2_Channel3_IRQHandler                 0x08000bff   Thumb Code     2  stm32f10x_it.o(i.DMA2_Channel3_IRQHandler)
    DMA2_Channel4_5_IRQHandler               0x08000c01   Thumb Code     2  stm32f10x_it.o(i.DMA2_Channel4_5_IRQHandler)
    DebugMon_Handler                         0x08000c03   Thumb Code     0  stm32f10x_it.o(i.DebugMonitor)
    DebugMonitor                             0x08000c03   Thumb Code     2  stm32f10x_it.o(i.DebugMonitor)
    Delay5ms                                 0x08000c05   Thumb Code    30  function.o(i.Delay5ms)
    Delay5ms_Config                          0x08000c29   Thumb Code    42  function.o(i.Delay5ms_Config)
    EXTI0_IRQHandler                         0x08000c53   Thumb Code     2  stm32f10x_it.o(i.EXTI0_IRQHandler)
    EXTI15_10_IRQHandler                     0x08000c55   Thumb Code    80  stm32f10x_it.o(i.EXTI15_10_IRQHandler)
    EXTI1_IRQHandler                         0x08000cb9   Thumb Code     2  stm32f10x_it.o(i.EXTI1_IRQHandler)
    EXTI2_IRQHandler                         0x08000cbb   Thumb Code     2  stm32f10x_it.o(i.EXTI2_IRQHandler)
    EXTI3_IRQHandler                         0x08000cbd   Thumb Code     2  stm32f10x_it.o(i.EXTI3_IRQHandler)
    EXTI4_IRQHandler                         0x08000cbf   Thumb Code     2  stm32f10x_it.o(i.EXTI4_IRQHandler)
    EXTI9_5_IRQHandler                       0x08000cc1   Thumb Code     2  stm32f10x_it.o(i.EXTI9_5_IRQHandler)
    EXTI_ClearITPendingBit                   0x08000cc5   Thumb Code     6  stm32f10x_exti.o(i.EXTI_ClearITPendingBit)
    EXTI_Config                              0x08000cd1   Thumb Code    60  function.o(i.EXTI_Config)
    EXTI_GetITStatus                         0x08000d11   Thumb Code    24  stm32f10x_exti.o(i.EXTI_GetITStatus)
    EXTI_Init                                0x08000d2d   Thumb Code   134  stm32f10x_exti.o(i.EXTI_Init)
    Exqueue                                  0x08000db9   Thumb Code    44  function.o(i.Exqueue)
    FLASH_IRQHandler                         0x08000ded   Thumb Code     2  stm32f10x_it.o(i.FLASH_IRQHandler)
    FLASH_PrefetchBufferCmd                  0x08000df1   Thumb Code    18  stm32f10x_flash.o(i.FLASH_PrefetchBufferCmd)
    FLASH_SetLatency                         0x08000e09   Thumb Code    18  stm32f10x_flash.o(i.FLASH_SetLatency)
    FSMC_IRQHandler                          0x08000e21   Thumb Code     2  stm32f10x_it.o(i.FSMC_IRQHandler)
    GPIO_Configuration                       0x08000e25   Thumb Code    88  function.o(i.GPIO_Configuration)
    GPIO_EXTILineConfig                      0x08000e81   Thumb Code    34  stm32f10x_gpio.o(i.GPIO_EXTILineConfig)
    GPIO_Init                                0x08000ea9   Thumb Code   158  stm32f10x_gpio.o(i.GPIO_Init)
    GPIO_ReadInputDataBit                    0x08000f47   Thumb Code    14  stm32f10x_gpio.o(i.GPIO_ReadInputDataBit)
    GPIO_ReadOutputDataBit                   0x08000f55   Thumb Code    14  stm32f10x_gpio.o(i.GPIO_ReadOutputDataBit)
    GPIO_ResetBits                           0x08000f63   Thumb Code     4  stm32f10x_gpio.o(i.GPIO_ResetBits)
    GPIO_SetBits                             0x08000f67   Thumb Code     4  stm32f10x_gpio.o(i.GPIO_SetBits)
    GPIO_WriteBit                            0x08000f6b   Thumb Code    10  stm32f10x_gpio.o(i.GPIO_WriteBit)
    HardFaultException                       0x08000f75   Thumb Code     2  stm32f10x_it.o(i.HardFaultException)
    HardFault_Handler                        0x08000f75   Thumb Code     0  stm32f10x_it.o(i.HardFaultException)
    I2C1_ER_IRQHandler                       0x08000f77   Thumb Code     2  stm32f10x_it.o(i.I2C1_ER_IRQHandler)
    I2C1_EV_IRQHandler                       0x08000f79   Thumb Code     2  stm32f10x_it.o(i.I2C1_EV_IRQHandler)
    I2C2_ER_IRQHandler                       0x08000f7b   Thumb Code     2  stm32f10x_it.o(i.I2C2_ER_IRQHandler)
    I2C2_EV_IRQHandler                       0x08000f7d   Thumb Code     2  stm32f10x_it.o(i.I2C2_EV_IRQHandler)
    I2S_Cmd                                  0x08000f7f   Thumb Code    20  stm32f10x_spi.o(i.I2S_Cmd)
    I2S_Init                                 0x08000f93   Thumb Code   152  stm32f10x_spi.o(i.I2S_Init)
    Inqueue                                  0x0800102d   Thumb Code    54  function.o(i.Inqueue)
    IsTripSwitchClosed                       0x0800106d   Thumb Code    10  function.o(i.IsTripSwitchClosed)
    LED                                      0x0800107d   Thumb Code    46  function.o(i.LED)
    LightModulation                          0x080010b1   Thumb Code   242  function.o(i.LightModulation)
    LightModulation_Config                   0x080011b9   Thumb Code    88  function.o(i.LightModulation_Config)
    MemManageException                       0x0800121d   Thumb Code     2  stm32f10x_it.o(i.MemManageException)
    MemManage_Handler                        0x0800121d   Thumb Code     0  stm32f10x_it.o(i.MemManageException)
    Motor_Config                             0x08001221   Thumb Code   194  function.o(i.Motor_Config)
    Motor_Init                               0x080012ed   Thumb Code   182  motion.o(i.Motor_Init)
    Motorun                                  0x080013a9   Thumb Code   512  function.o(i.Motorun)
    NMIException                             0x080015c1   Thumb Code     2  stm32f10x_it.o(i.NMIException)
    NMI_Handler                              0x080015c1   Thumb Code     0  stm32f10x_it.o(i.NMIException)
    NVIC_Configuration                       0x080015c3   Thumb Code   176  function.o(i.NVIC_Configuration)
    NVIC_Init                                0x08001673   Thumb Code   116  stm32f10x_nvic.o(i.NVIC_Init)
    NVIC_PriorityGroupConfig                 0x080016e9   Thumb Code    10  stm32f10x_nvic.o(i.NVIC_PriorityGroupConfig)
    NVIC_SetVectorTable                      0x080016fd   Thumb Code    12  stm32f10x_nvic.o(i.NVIC_SetVectorTable)
    PVD_IRQHandler                           0x08001711   Thumb Code     2  stm32f10x_it.o(i.PVD_IRQHandler)
    PendSVC                                  0x08001713   Thumb Code     2  stm32f10x_it.o(i.PendSVC)
    PendSV_Handler                           0x08001713   Thumb Code     0  stm32f10x_it.o(i.PendSVC)
    QLength                                  0x08001715   Thumb Code    30  function.o(i.QLength)
    RCC_APB1PeriphClockCmd                   0x08001739   Thumb Code    18  stm32f10x_rcc.o(i.RCC_APB1PeriphClockCmd)
    RCC_APB2PeriphClockCmd                   0x08001751   Thumb Code    18  stm32f10x_rcc.o(i.RCC_APB2PeriphClockCmd)
    RCC_Configuration                        0x08001769   Thumb Code   120  function.o(i.RCC_Configuration)
    RCC_DeInit                               0x080017e1   Thumb Code    48  stm32f10x_rcc.o(i.RCC_DeInit)
    RCC_GetClocksFreq                        0x0800181d   Thumb Code   140  stm32f10x_rcc.o(i.RCC_GetClocksFreq)
    RCC_GetFlagStatus                        0x080018c1   Thumb Code    42  stm32f10x_rcc.o(i.RCC_GetFlagStatus)
    RCC_GetSYSCLKSource                      0x080018f1   Thumb Code    10  stm32f10x_rcc.o(i.RCC_GetSYSCLKSource)
    RCC_HCLKConfig                           0x08001901   Thumb Code    14  stm32f10x_rcc.o(i.RCC_HCLKConfig)
    RCC_HSEConfig                            0x08001915   Thumb Code    48  stm32f10x_rcc.o(i.RCC_HSEConfig)
    RCC_IRQHandler                           0x08001949   Thumb Code     2  stm32f10x_it.o(i.RCC_IRQHandler)
    RCC_PCLK1Config                          0x0800194d   Thumb Code    14  stm32f10x_rcc.o(i.RCC_PCLK1Config)
    RCC_PCLK2Config                          0x08001961   Thumb Code    16  stm32f10x_rcc.o(i.RCC_PCLK2Config)
    RCC_PLLCmd                               0x08001975   Thumb Code     6  stm32f10x_rcc.o(i.RCC_PLLCmd)
    RCC_PLLConfig                            0x08001981   Thumb Code    16  stm32f10x_rcc.o(i.RCC_PLLConfig)
    RCC_SYSCLKConfig                         0x08001995   Thumb Code    14  stm32f10x_rcc.o(i.RCC_SYSCLKConfig)
    RCC_WaitForHSEStartUp                    0x080019a9   Thumb Code    46  stm32f10x_rcc.o(i.RCC_WaitForHSEStartUp)
    RTCAlarm_IRQHandler                      0x080019dd   Thumb Code     2  stm32f10x_it.o(i.RTCAlarm_IRQHandler)
    RTC_IRQHandler                           0x080019df   Thumb Code     2  stm32f10x_it.o(i.RTC_IRQHandler)
    SDIO_IRQHandler                          0x080019e1   Thumb Code     2  stm32f10x_it.o(i.SDIO_IRQHandler)
    SPI1_IRQHandler                          0x080019e3   Thumb Code     2  stm32f10x_it.o(i.SPI1_IRQHandler)
    SPI2_IRQHandler                          0x080019e5   Thumb Code   154  stm32f10x_it.o(i.SPI2_IRQHandler)
    SPI3_IRQHandler                          0x08001a99   Thumb Code     2  stm32f10x_it.o(i.SPI3_IRQHandler)
    SPI_I2S_ClearITPendingBit                0x08001a9b   Thumb Code    42  stm32f10x_spi.o(i.SPI_I2S_ClearITPendingBit)
    SPI_I2S_GetFlagStatus                    0x08001ac5   Thumb Code    14  stm32f10x_spi.o(i.SPI_I2S_GetFlagStatus)
    SPI_I2S_GetITStatus                      0x08001ad3   Thumb Code    44  stm32f10x_spi.o(i.SPI_I2S_GetITStatus)
    SPI_I2S_ITConfig                         0x08001aff   Thumb Code    24  stm32f10x_spi.o(i.SPI_I2S_ITConfig)
    SPI_I2S_ReceiveData                      0x08001b17   Thumb Code     4  stm32f10x_spi.o(i.SPI_I2S_ReceiveData)
    SVCHandler                               0x08001b1b   Thumb Code     2  stm32f10x_it.o(i.SVCHandler)
    SVC_Handler                              0x08001b1b   Thumb Code     0  stm32f10x_it.o(i.SVCHandler)
    Sample                                   0x08001b1d   Thumb Code   404  motion.o(i.Sample)
    SampleFirst                              0x08001cb1   Thumb Code   384  motion.o(i.SampleFirst)
    SamplePosition                           0x08001e31   Thumb Code   218  function.o(i.SamplePosition)
    SendData                                 0x08001f15   Thumb Code    36  function.o(i.SendData)
    Speaker_Config                           0x08001f45   Thumb Code    44  function.o(i.Speaker_Config)
    SysTickHandler                           0x08001f75   Thumb Code    44  stm32f10x_it.o(i.SysTickHandler)
    SysTick_Handler                          0x08001f75   Thumb Code     0  stm32f10x_it.o(i.SysTickHandler)
    SysTick_CLKSourceConfig                  0x08001fa9   Thumb Code    24  stm32f10x_systick.o(i.SysTick_CLKSourceConfig)
    SysTick_CounterCmd                       0x08001fc1   Thumb Code    36  stm32f10x_systick.o(i.SysTick_CounterCmd)
    SysTick_ITConfig                         0x08001fe5   Thumb Code    24  stm32f10x_systick.o(i.SysTick_ITConfig)
    SysTick_SetReload                        0x08001ffd   Thumb Code     8  stm32f10x_systick.o(i.SysTick_SetReload)
    Sys_100msClock_Config                    0x08002005   Thumb Code    78  function.o(i.Sys_100msClock_Config)
    System_Init                              0x08002059   Thumb Code    58  main.o(i.System_Init)
    TAMPER_IRQHandler                        0x08002093   Thumb Code     2  stm32f10x_it.o(i.TAMPER_IRQHandler)
    TIM1_BRK_IRQHandler                      0x08002095   Thumb Code     2  stm32f10x_it.o(i.TIM1_BRK_IRQHandler)
    TIM1_CC_IRQHandler                       0x08002097   Thumb Code     2  stm32f10x_it.o(i.TIM1_CC_IRQHandler)
    TIM1_TRG_COM_IRQHandler                  0x08002099   Thumb Code     2  stm32f10x_it.o(i.TIM1_TRG_COM_IRQHandler)
    TIM1_UP_IRQHandler                       0x0800209d   Thumb Code   252  stm32f10x_it.o(i.TIM1_UP_IRQHandler)
    TIM2_IRQHandler                          0x080021b1   Thumb Code   328  stm32f10x_it.o(i.TIM2_IRQHandler)
    TIM3_IRQHandler                          0x08002325   Thumb Code   190  stm32f10x_it.o(i.TIM3_IRQHandler)
    TIM4_IRQHandler                          0x08002415   Thumb Code     2  stm32f10x_it.o(i.TIM4_IRQHandler)
    TIM5_IRQHandler                          0x08002417   Thumb Code     2  stm32f10x_it.o(i.TIM5_IRQHandler)
    TIM6_IRQHandler                          0x08002419   Thumb Code     8  stm32f10x_it.o(i.TIM6_IRQHandler)
    TIM7_IRQHandler                          0x08002425   Thumb Code     2  stm32f10x_it.o(i.TIM7_IRQHandler)
    TIM8_BRK_IRQHandler                      0x08002427   Thumb Code     2  stm32f10x_it.o(i.TIM8_BRK_IRQHandler)
    TIM8_CC_IRQHandler                       0x08002429   Thumb Code     2  stm32f10x_it.o(i.TIM8_CC_IRQHandler)
    TIM8_TRG_COM_IRQHandler                  0x0800242b   Thumb Code     2  stm32f10x_it.o(i.TIM8_TRG_COM_IRQHandler)
    TIM8_UP_IRQHandler                       0x0800242d   Thumb Code     2  stm32f10x_it.o(i.TIM8_UP_IRQHandler)
    TIM_ARRPreloadConfig                     0x0800242f   Thumb Code    22  stm32f10x_tim.o(i.TIM_ARRPreloadConfig)
    TIM_ClearFlag                            0x08002445   Thumb Code     6  stm32f10x_tim.o(i.TIM_ClearFlag)
    TIM_ClearITPendingBit                    0x0800244b   Thumb Code     6  stm32f10x_tim.o(i.TIM_ClearITPendingBit)
    TIM_Cmd                                  0x08002451   Thumb Code    22  stm32f10x_tim.o(i.TIM_Cmd)
    TIM_CtrlPWMOutputs                       0x08002467   Thumb Code    22  stm32f10x_tim.o(i.TIM_CtrlPWMOutputs)
    TIM_GetFlagStatus                        0x0800247d   Thumb Code    14  stm32f10x_tim.o(i.TIM_GetFlagStatus)
    TIM_ITConfig                             0x0800248b   Thumb Code    16  stm32f10x_tim.o(i.TIM_ITConfig)
    TIM_OC1Init                              0x0800249d   Thumb Code    88  stm32f10x_tim.o(i.TIM_OC1Init)
    TIM_OC1PreloadConfig                     0x080024fd   Thumb Code    12  stm32f10x_tim.o(i.TIM_OC1PreloadConfig)
    TIM_TimeBaseInit                         0x08002509   Thumb Code    52  stm32f10x_tim.o(i.TIM_TimeBaseInit)
    Test                                     0x08002545   Thumb Code   364  motion.o(i.Test)
    UART4_IRQHandler                         0x080026b9   Thumb Code     2  stm32f10x_it.o(i.UART4_IRQHandler)
    UART5_IRQHandler                         0x080026bb   Thumb Code     2  stm32f10x_it.o(i.UART5_IRQHandler)
    USART1_IRQHandler                        0x080026bd   Thumb Code   778  stm32f10x_it.o(i.USART1_IRQHandler)
    USART2_IRQHandler                        0x08002a01   Thumb Code     2  stm32f10x_it.o(i.USART2_IRQHandler)
    USART3_IRQHandler                        0x08002a03   Thumb Code     2  stm32f10x_it.o(i.USART3_IRQHandler)
    USART_Cmd                                0x08002a05   Thumb Code    20  stm32f10x_usart.o(i.USART_Cmd)
    USART_GetITStatus                        0x08002a19   Thumb Code    62  stm32f10x_usart.o(i.USART_GetITStatus)
    USART_ITConfig                           0x08002a57   Thumb Code    48  stm32f10x_usart.o(i.USART_ITConfig)
    USART_Init                               0x08002a89   Thumb Code   134  stm32f10x_usart.o(i.USART_Init)
    USART_ReceiveData                        0x08002b15   Thumb Code     8  stm32f10x_usart.o(i.USART_ReceiveData)
    USART_SendData                           0x08002b1d   Thumb Code     8  stm32f10x_usart.o(i.USART_SendData)
    USBWakeUp_IRQHandler                     0x08002b25   Thumb Code     2  stm32f10x_it.o(i.USBWakeUp_IRQHandler)
    USB_HP_CAN_TX_IRQHandler                 0x08002b27   Thumb Code     2  stm32f10x_it.o(i.USB_HP_CAN_TX_IRQHandler)
    USB_LP_CAN_RX0_IRQHandler                0x08002b29   Thumb Code     2  stm32f10x_it.o(i.USB_LP_CAN_RX0_IRQHandler)
    Uart1_Config                             0x08002b2d   Thumb Code   118  function.o(i.Uart1_Config)
    UsageFaultException                      0x08002bad   Thumb Code     2  stm32f10x_it.o(i.UsageFaultException)
    UsageFault_Handler                       0x08002bad   Thumb Code     0  stm32f10x_it.o(i.UsageFaultException)
    Valve                                    0x08002bb1   Thumb Code   230  function.o(i.Valve)
    Valve_GPIO_Config                        0x08002ca5   Thumb Code   208  function.o(i.Valve_GPIO_Config)
    WWDG_IRQHandler                          0x08002d81   Thumb Code     2  stm32f10x_it.o(i.WWDG_IRQHandler)
    __scatterload_copy                       0x08002d83   Thumb Code    14  handlers.o(i.__scatterload_copy)
    __scatterload_null                       0x08002d91   Thumb Code     2  handlers.o(i.__scatterload_null)
    __scatterload_zeroinit                   0x08002d93   Thumb Code    14  handlers.o(i.__scatterload_zeroinit)
    main                                     0x08002da1   Thumb Code   238  main.o(i.main)
    weedavg                                  0x08002ead   Thumb Code    94  function.o(i.weedavg)
    Speedup                                  0x08002f0c   Data         400  function.o(.constdata)
    Region$$Table$$Base                      0x080030b0   Number         0  anon$$obj.o(Region$$Table)
    Region$$Table$$Limit                     0x080030d0   Number         0  anon$$obj.o(Region$$Table)
    Sys_Status                               0x20000000   Data           4  function.o(.data)
    StartSpeed                               0x20000004   Data           1  function.o(.data)
    TargeSpeed                               0x20000005   Data           1  function.o(.data)
    StepTimes_1                              0x20000006   Data           1  function.o(.data)
    EndSpeed                                 0x20000007   Data           1  function.o(.data)
    StepTimes_2                              0x20000008   Data           1  function.o(.data)
    cw_status                                0x20000009   Data           1  function.o(.data)
    SamplePosition1                          0x2000000a   Data           1  function.o(.data)
    SamplePosition2                          0x2000000b   Data           1  function.o(.data)
    SamplePosition3                          0x2000000c   Data           1  function.o(.data)
    SamplePosition4                          0x2000000d   Data           1  function.o(.data)
    PulseNum                                 0x2000000e   Data           2  function.o(.data)
    PulseCount                               0x20000010   Data           2  function.o(.data)
    StepCount_1                              0x20000012   Data           2  function.o(.data)
    StepCount_2                              0x20000014   Data           2  function.o(.data)
    AddedNum                                 0x20000016   Data           2  function.o(.data)
    Second_1                                 0x20000018   Data           2  function.o(.data)
    Step_LM                                  0x2000001c   Data           4  function.o(.data)
    RxLeftIdx                                0x20000020   Data           4  function.o(.data)
    RxRightIdx                               0x20000024   Data           4  function.o(.data)
    TimingDelay                              0x20000028   Data           4  function.o(.data)
    PHead                                    0x2000002c   Data           4  function.o(.data)
    PEnd                                     0x20000030   Data           4  function.o(.data)
    QueryFlag                                0x20000034   Data           4  function.o(.data)
    SendLength                               0x20000038   Data           4  function.o(.data)
    SendCounter                              0x2000003c   Data           4  function.o(.data)
    LastCh                                   0x20000040   Data           4  function.o(.data)
    SelfChecking                             0x20000044   Data           1  function.o(.data)
    SelfCheckCount                           0x20000048   Data           4  function.o(.data)
    m_bLost                                  0x2000004c   Data           1  function.o(.data)
    Pressure0                                0x2000004e   Data           2  motion.o(.data)
    Pressure1                                0x20000050   Data           2  motion.o(.data)
    n                                        0x20000052   Data           2  motion.o(.data)
    m                                        0x20000054   Data           2  motion.o(.data)
    ToMeasPosition                           0x20000056   Data           2  motion.o(.data)
    Temperature                              0x20000058   Data           8  motion.o(.data)
    AK_Left_Data                             0x20000068   Data       28800  function.o(.bss)
    AK_Right_Data                            0x200070e8   Data       28800  function.o(.bss)
    SendBuffer                               0x2000e168   Data         271  function.o(.bss)
    ADCConv                                  0x2000e278   Data         200  function.o(.bss)
    ReadBuffer                               0x2000e340   Data          64  function.o(.bss)
    __initial_sp                             0x2000eb80   Data           0  stm32f10x_vector.o(STACK)



==============================================================================

Memory Map of the image

  Image Entry point : 0x08000131

  Load Region LR_IROM1 (Base: 0x08000000, Size: 0x00003138, Max: 0x00080000, ABSOLUTE)

    Execution Region ER_IROM1 (Base: 0x08000000, Size: 0x000030d0, Max: 0x00080000, ABSOLUTE)

    Base Addr    Size         Type   Attr      Idx    E Section Name        Object

    0x08000000   0x00000130   Data   RO          824    RESET               stm32f10x_vector.o
    0x08000130   0x00000000   Code   RO         2641  * .ARM.Collect$$$$00000000  entry.o(mc_w.l)
    0x08000130   0x00000004   Code   RO         2644    .ARM.Collect$$$$00000001  entry2.o(mc_w.l)
    0x08000134   0x00000004   Code   RO         2647    .ARM.Collect$$$$00000004  entry5.o(mc_w.l)
    0x08000138   0x00000008   Code   RO         2648    .ARM.Collect$$$$00000007  entry7.o(mc_w.l)
    0x08000140   0x00000004   Code   RO         2645    .ARM.Collect$$$$00002712  entry2.o(mc_w.l)
    0x08000144   0x00000008   Code   RO          825    .text               stm32f10x_vector.o
    0x0800014c   0x00000024   Code   RO         2649    .text               init.o(mc_w.l)
    0x08000170   0x00000050   Code   RO          537    i.ADC               function.o
    0x080001c0   0x00000002   Code   RO            1    i.ADC1_2_IRQHandler  stm32f10x_it.o
    0x080001c2   0x00000002   Code   RO            2    i.ADC3_IRQHandler   stm32f10x_it.o
    0x080001c4   0x00000014   Code   RO          836    i.ADC_Cmd           stm32f10x_adc.o(STM32F10xR.LIB)
    0x080001d8   0x000000a4   Code   RO          538    i.ADC_Config        function.o
    0x0800027c   0x0000000e   Code   RO          844    i.ADC_GetCalibrationStatus  stm32f10x_adc.o(STM32F10xR.LIB)
    0x0800028a   0x00000006   Code   RO          845    i.ADC_GetConversionValue  stm32f10x_adc.o(STM32F10xR.LIB)
    0x08000290   0x0000000e   Code   RO          847    i.ADC_GetFlagStatus  stm32f10x_adc.o(STM32F10xR.LIB)
    0x0800029e   0x0000000e   Code   RO          850    i.ADC_GetResetCalibrationStatus  stm32f10x_adc.o(STM32F10xR.LIB)
    0x080002ac   0x00000048   Code   RO          854    i.ADC_Init          stm32f10x_adc.o(STM32F10xR.LIB)
    0x080002f4   0x00000074   Code   RO          858    i.ADC_RegularChannelConfig  stm32f10x_adc.o(STM32F10xR.LIB)
    0x08000368   0x0000000a   Code   RO          859    i.ADC_ResetCalibration  stm32f10x_adc.o(STM32F10xR.LIB)
    0x08000372   0x00000014   Code   RO          861    i.ADC_SoftwareStartConvCmd  stm32f10x_adc.o(STM32F10xR.LIB)
    0x08000386   0x0000000a   Code   RO          863    i.ADC_StartCalibration  stm32f10x_adc.o(STM32F10xR.LIB)
    0x08000390   0x00000108   Code   RO          539    i.AK5351_Config     function.o
    0x08000498   0x0000012c   Code   RO          540    i.AK_Conv           function.o
    0x080005c4   0x000000e8   Code   RO          738    i.Air               motion.o
    0x080006ac   0x000000d6   Code   RO          739    i.AirFirst          motion.o
    0x08000782   0x00000180   Code   RO          740    i.BaseFirst         motion.o
    0x08000902   0x00000002   PAD
    0x08000904   0x00000224   Code   RO          741    i.Baseline          motion.o
    0x08000b28   0x00000002   Code   RO            3    i.BusFaultException  stm32f10x_it.o
    0x08000b2a   0x00000002   Code   RO            4    i.CAN_RX1_IRQHandler  stm32f10x_it.o
    0x08000b2c   0x00000002   Code   RO            5    i.CAN_SCE_IRQHandler  stm32f10x_it.o
    0x08000b2e   0x00000002   PAD
    0x08000b30   0x000000bc   Code   RO          743    i.ChannelMeas       motion.o
    0x08000bec   0x00000002   Code   RO            6    i.DMA1_Channel1_IRQHandler  stm32f10x_it.o
    0x08000bee   0x00000002   Code   RO            7    i.DMA1_Channel2_IRQHandler  stm32f10x_it.o
    0x08000bf0   0x00000002   Code   RO            8    i.DMA1_Channel3_IRQHandler  stm32f10x_it.o
    0x08000bf2   0x00000002   Code   RO            9    i.DMA1_Channel4_IRQHandler  stm32f10x_it.o
    0x08000bf4   0x00000002   Code   RO           10    i.DMA1_Channel5_IRQHandler  stm32f10x_it.o
    0x08000bf6   0x00000002   Code   RO           11    i.DMA1_Channel6_IRQHandler  stm32f10x_it.o
    0x08000bf8   0x00000002   Code   RO           12    i.DMA1_Channel7_IRQHandler  stm32f10x_it.o
    0x08000bfa   0x00000002   Code   RO           13    i.DMA2_Channel1_IRQHandler  stm32f10x_it.o
    0x08000bfc   0x00000002   Code   RO           14    i.DMA2_Channel2_IRQHandler  stm32f10x_it.o
    0x08000bfe   0x00000002   Code   RO           15    i.DMA2_Channel3_IRQHandler  stm32f10x_it.o
    0x08000c00   0x00000002   Code   RO           16    i.DMA2_Channel4_5_IRQHandler  stm32f10x_it.o
    0x08000c02   0x00000002   Code   RO           17    i.DebugMonitor      stm32f10x_it.o
    0x08000c04   0x00000024   Code   RO          541    i.Delay5ms          function.o
    0x08000c28   0x0000002a   Code   RO          542    i.Delay5ms_Config   function.o
    0x08000c52   0x00000002   Code   RO           18    i.EXTI0_IRQHandler  stm32f10x_it.o
    0x08000c54   0x00000064   Code   RO           19    i.EXTI15_10_IRQHandler  stm32f10x_it.o
    0x08000cb8   0x00000002   Code   RO           20    i.EXTI1_IRQHandler  stm32f10x_it.o
    0x08000cba   0x00000002   Code   RO           21    i.EXTI2_IRQHandler  stm32f10x_it.o
    0x08000cbc   0x00000002   Code   RO           22    i.EXTI3_IRQHandler  stm32f10x_it.o
    0x08000cbe   0x00000002   Code   RO           23    i.EXTI4_IRQHandler  stm32f10x_it.o
    0x08000cc0   0x00000002   Code   RO           24    i.EXTI9_5_IRQHandler  stm32f10x_it.o
    0x08000cc2   0x00000002   PAD
    0x08000cc4   0x0000000c   Code   RO         1056    i.EXTI_ClearITPendingBit  stm32f10x_exti.o(STM32F10xR.LIB)
    0x08000cd0   0x00000040   Code   RO          543    i.EXTI_Config       function.o
    0x08000d10   0x0000001c   Code   RO         1060    i.EXTI_GetITStatus  stm32f10x_exti.o(STM32F10xR.LIB)
    0x08000d2c   0x0000008c   Code   RO         1061    i.EXTI_Init         stm32f10x_exti.o(STM32F10xR.LIB)
    0x08000db8   0x00000034   Code   RO          544    i.Exqueue           function.o
    0x08000dec   0x00000002   Code   RO           25    i.FLASH_IRQHandler  stm32f10x_it.o
    0x08000dee   0x00000002   PAD
    0x08000df0   0x00000018   Code   RO         1123    i.FLASH_PrefetchBufferCmd  stm32f10x_flash.o(STM32F10xR.LIB)
    0x08000e08   0x00000018   Code   RO         1128    i.FLASH_SetLatency  stm32f10x_flash.o(STM32F10xR.LIB)
    0x08000e20   0x00000002   Code   RO           26    i.FSMC_IRQHandler   stm32f10x_it.o
    0x08000e22   0x00000002   PAD
    0x08000e24   0x0000005c   Code   RO          545    i.GPIO_Configuration  function.o
    0x08000e80   0x00000028   Code   RO         1255    i.GPIO_EXTILineConfig  stm32f10x_gpio.o(STM32F10xR.LIB)
    0x08000ea8   0x0000009e   Code   RO         1258    i.GPIO_Init         stm32f10x_gpio.o(STM32F10xR.LIB)
    0x08000f46   0x0000000e   Code   RO         1262    i.GPIO_ReadInputDataBit  stm32f10x_gpio.o(STM32F10xR.LIB)
    0x08000f54   0x0000000e   Code   RO         1264    i.GPIO_ReadOutputDataBit  stm32f10x_gpio.o(STM32F10xR.LIB)
    0x08000f62   0x00000004   Code   RO         1265    i.GPIO_ResetBits    stm32f10x_gpio.o(STM32F10xR.LIB)
    0x08000f66   0x00000004   Code   RO         1266    i.GPIO_SetBits      stm32f10x_gpio.o(STM32F10xR.LIB)
    0x08000f6a   0x0000000a   Code   RO         1269    i.GPIO_WriteBit     stm32f10x_gpio.o(STM32F10xR.LIB)
    0x08000f74   0x00000002   Code   RO           27    i.HardFaultException  stm32f10x_it.o
    0x08000f76   0x00000002   Code   RO           28    i.I2C1_ER_IRQHandler  stm32f10x_it.o
    0x08000f78   0x00000002   Code   RO           29    i.I2C1_EV_IRQHandler  stm32f10x_it.o
    0x08000f7a   0x00000002   Code   RO           30    i.I2C2_ER_IRQHandler  stm32f10x_it.o
    0x08000f7c   0x00000002   Code   RO           31    i.I2C2_EV_IRQHandler  stm32f10x_it.o
    0x08000f7e   0x00000014   Code   RO         1748    i.I2S_Cmd           stm32f10x_spi.o(STM32F10xR.LIB)
    0x08000f92   0x00000098   Code   RO         1749    i.I2S_Init          stm32f10x_spi.o(STM32F10xR.LIB)
    0x0800102a   0x00000002   PAD
    0x0800102c   0x00000040   Code   RO          546    i.Inqueue           function.o
    0x0800106c   0x00000010   Code   RO          547    i.IsTripSwitchClosed  function.o
    0x0800107c   0x00000034   Code   RO          548    i.LED               function.o
    0x080010b0   0x00000108   Code   RO          549    i.LightModulation   function.o
    0x080011b8   0x00000064   Code   RO          550    i.LightModulation_Config  function.o
    0x0800121c   0x00000002   Code   RO           32    i.MemManageException  stm32f10x_it.o
    0x0800121e   0x00000002   PAD
    0x08001220   0x000000cc   Code   RO          551    i.Motor_Config      function.o
    0x080012ec   0x000000bc   Code   RO          744    i.Motor_Init        motion.o
    0x080013a8   0x00000218   Code   RO          552    i.Motorun           function.o
    0x080015c0   0x00000002   Code   RO           33    i.NMIException      stm32f10x_it.o
    0x080015c2   0x000000b0   Code   RO          553    i.NVIC_Configuration  function.o
    0x08001672   0x00000074   Code   RO         1377    i.NVIC_Init         stm32f10x_nvic.o(STM32F10xR.LIB)
    0x080016e6   0x00000002   PAD
    0x080016e8   0x00000014   Code   RO         1378    i.NVIC_PriorityGroupConfig  stm32f10x_nvic.o(STM32F10xR.LIB)
    0x080016fc   0x00000014   Code   RO         1386    i.NVIC_SetVectorTable  stm32f10x_nvic.o(STM32F10xR.LIB)
    0x08001710   0x00000002   Code   RO           34    i.PVD_IRQHandler    stm32f10x_it.o
    0x08001712   0x00000002   Code   RO           35    i.PendSVC           stm32f10x_it.o
    0x08001714   0x00000024   Code   RO          554    i.QLength           function.o
    0x08001738   0x00000018   Code   RO         1549    i.RCC_APB1PeriphClockCmd  stm32f10x_rcc.o(STM32F10xR.LIB)
    0x08001750   0x00000018   Code   RO         1551    i.RCC_APB2PeriphClockCmd  stm32f10x_rcc.o(STM32F10xR.LIB)
    0x08001768   0x00000078   Code   RO          555    i.RCC_Configuration  function.o
    0x080017e0   0x0000003c   Code   RO         1558    i.RCC_DeInit        stm32f10x_rcc.o(STM32F10xR.LIB)
    0x0800181c   0x000000a4   Code   RO         1559    i.RCC_GetClocksFreq  stm32f10x_rcc.o(STM32F10xR.LIB)
    0x080018c0   0x00000030   Code   RO         1560    i.RCC_GetFlagStatus  stm32f10x_rcc.o(STM32F10xR.LIB)
    0x080018f0   0x00000010   Code   RO         1562    i.RCC_GetSYSCLKSource  stm32f10x_rcc.o(STM32F10xR.LIB)
    0x08001900   0x00000014   Code   RO         1563    i.RCC_HCLKConfig    stm32f10x_rcc.o(STM32F10xR.LIB)
    0x08001914   0x00000034   Code   RO         1564    i.RCC_HSEConfig     stm32f10x_rcc.o(STM32F10xR.LIB)
    0x08001948   0x00000002   Code   RO           36    i.RCC_IRQHandler    stm32f10x_it.o
    0x0800194a   0x00000002   PAD
    0x0800194c   0x00000014   Code   RO         1570    i.RCC_PCLK1Config   stm32f10x_rcc.o(STM32F10xR.LIB)
    0x08001960   0x00000014   Code   RO         1571    i.RCC_PCLK2Config   stm32f10x_rcc.o(STM32F10xR.LIB)
    0x08001974   0x0000000c   Code   RO         1572    i.RCC_PLLCmd        stm32f10x_rcc.o(STM32F10xR.LIB)
    0x08001980   0x00000014   Code   RO         1573    i.RCC_PLLConfig     stm32f10x_rcc.o(STM32F10xR.LIB)
    0x08001994   0x00000014   Code   RO         1576    i.RCC_SYSCLKConfig  stm32f10x_rcc.o(STM32F10xR.LIB)
    0x080019a8   0x00000034   Code   RO         1578    i.RCC_WaitForHSEStartUp  stm32f10x_rcc.o(STM32F10xR.LIB)
    0x080019dc   0x00000002   Code   RO           37    i.RTCAlarm_IRQHandler  stm32f10x_it.o
    0x080019de   0x00000002   Code   RO           38    i.RTC_IRQHandler    stm32f10x_it.o
    0x080019e0   0x00000002   Code   RO           39    i.SDIO_IRQHandler   stm32f10x_it.o
    0x080019e2   0x00000002   Code   RO           40    i.SPI1_IRQHandler   stm32f10x_it.o
    0x080019e4   0x000000b4   Code   RO           41    i.SPI2_IRQHandler   stm32f10x_it.o
    0x08001a98   0x00000002   Code   RO           42    i.SPI3_IRQHandler   stm32f10x_it.o
    0x08001a9a   0x0000002a   Code   RO         1758    i.SPI_I2S_ClearITPendingBit  stm32f10x_spi.o(STM32F10xR.LIB)
    0x08001ac4   0x0000000e   Code   RO         1761    i.SPI_I2S_GetFlagStatus  stm32f10x_spi.o(STM32F10xR.LIB)
    0x08001ad2   0x0000002c   Code   RO         1762    i.SPI_I2S_GetITStatus  stm32f10x_spi.o(STM32F10xR.LIB)
    0x08001afe   0x00000018   Code   RO         1763    i.SPI_I2S_ITConfig  stm32f10x_spi.o(STM32F10xR.LIB)
    0x08001b16   0x00000004   Code   RO         1764    i.SPI_I2S_ReceiveData  stm32f10x_spi.o(STM32F10xR.LIB)
    0x08001b1a   0x00000002   Code   RO           43    i.SVCHandler        stm32f10x_it.o
    0x08001b1c   0x00000194   Code   RO          745    i.Sample            motion.o
    0x08001cb0   0x00000180   Code   RO          746    i.SampleFirst       motion.o
    0x08001e30   0x000000e4   Code   RO          556    i.SamplePosition    function.o
    0x08001f14   0x00000030   Code   RO          557    i.SendData          function.o
    0x08001f44   0x00000030   Code   RO          560    i.Speaker_Config    function.o
    0x08001f74   0x00000034   Code   RO           44    i.SysTickHandler    stm32f10x_it.o
    0x08001fa8   0x00000018   Code   RO         1895    i.SysTick_CLKSourceConfig  stm32f10x_systick.o(STM32F10xR.LIB)
    0x08001fc0   0x00000024   Code   RO         1896    i.SysTick_CounterCmd  stm32f10x_systick.o(STM32F10xR.LIB)
    0x08001fe4   0x00000018   Code   RO         1899    i.SysTick_ITConfig  stm32f10x_systick.o(STM32F10xR.LIB)
    0x08001ffc   0x00000008   Code   RO         1900    i.SysTick_SetReload  stm32f10x_systick.o(STM32F10xR.LIB)
    0x08002004   0x00000054   Code   RO          561    i.Sys_100msClock_Config  function.o
    0x08002058   0x0000003a   Code   RO          518    i.System_Init       main.o
    0x08002092   0x00000002   Code   RO           45    i.TAMPER_IRQHandler  stm32f10x_it.o
    0x08002094   0x00000002   Code   RO           46    i.TIM1_BRK_IRQHandler  stm32f10x_it.o
    0x08002096   0x00000002   Code   RO           47    i.TIM1_CC_IRQHandler  stm32f10x_it.o
    0x08002098   0x00000002   Code   RO           48    i.TIM1_TRG_COM_IRQHandler  stm32f10x_it.o
    0x0800209a   0x00000002   PAD
    0x0800209c   0x00000114   Code   RO           49    i.TIM1_UP_IRQHandler  stm32f10x_it.o
    0x080021b0   0x00000174   Code   RO           50    i.TIM2_IRQHandler   stm32f10x_it.o
    0x08002324   0x000000f0   Code   RO           51    i.TIM3_IRQHandler   stm32f10x_it.o
    0x08002414   0x00000002   Code   RO           52    i.TIM4_IRQHandler   stm32f10x_it.o
    0x08002416   0x00000002   Code   RO           53    i.TIM5_IRQHandler   stm32f10x_it.o
    0x08002418   0x0000000c   Code   RO           54    i.TIM6_IRQHandler   stm32f10x_it.o
    0x08002424   0x00000002   Code   RO           55    i.TIM7_IRQHandler   stm32f10x_it.o
    0x08002426   0x00000002   Code   RO           56    i.TIM8_BRK_IRQHandler  stm32f10x_it.o
    0x08002428   0x00000002   Code   RO           57    i.TIM8_CC_IRQHandler  stm32f10x_it.o
    0x0800242a   0x00000002   Code   RO           58    i.TIM8_TRG_COM_IRQHandler  stm32f10x_it.o
    0x0800242c   0x00000002   Code   RO           59    i.TIM8_UP_IRQHandler  stm32f10x_it.o
    0x0800242e   0x00000016   Code   RO         1939    i.TIM_ARRPreloadConfig  stm32f10x_tim.o(STM32F10xR.LIB)
    0x08002444   0x00000006   Code   RO         1945    i.TIM_ClearFlag     stm32f10x_tim.o(STM32F10xR.LIB)
    0x0800244a   0x00000006   Code   RO         1946    i.TIM_ClearITPendingBit  stm32f10x_tim.o(STM32F10xR.LIB)
    0x08002450   0x00000016   Code   RO         1951    i.TIM_Cmd           stm32f10x_tim.o(STM32F10xR.LIB)
    0x08002466   0x00000016   Code   RO         1953    i.TIM_CtrlPWMOutputs  stm32f10x_tim.o(STM32F10xR.LIB)
    0x0800247c   0x0000000e   Code   RO         1971    i.TIM_GetFlagStatus  stm32f10x_tim.o(STM32F10xR.LIB)
    0x0800248a   0x00000010   Code   RO         1976    i.TIM_ITConfig      stm32f10x_tim.o(STM32F10xR.LIB)
    0x0800249a   0x00000002   PAD
    0x0800249c   0x00000060   Code   RO         1980    i.TIM_OC1Init       stm32f10x_tim.o(STM32F10xR.LIB)
    0x080024fc   0x0000000c   Code   RO         1983    i.TIM_OC1PreloadConfig  stm32f10x_tim.o(STM32F10xR.LIB)
    0x08002508   0x0000003c   Code   RO         2022    i.TIM_TimeBaseInit  stm32f10x_tim.o(STM32F10xR.LIB)
    0x08002544   0x00000174   Code   RO          748    i.Test              motion.o
    0x080026b8   0x00000002   Code   RO           60    i.UART4_IRQHandler  stm32f10x_it.o
    0x080026ba   0x00000002   Code   RO           61    i.UART5_IRQHandler  stm32f10x_it.o
    0x080026bc   0x00000344   Code   RO           62    i.USART1_IRQHandler  stm32f10x_it.o
    0x08002a00   0x00000002   Code   RO           63    i.USART2_IRQHandler  stm32f10x_it.o
    0x08002a02   0x00000002   Code   RO           64    i.USART3_IRQHandler  stm32f10x_it.o
    0x08002a04   0x00000014   Code   RO         2474    i.USART_Cmd         stm32f10x_usart.o(STM32F10xR.LIB)
    0x08002a18   0x0000003e   Code   RO         2478    i.USART_GetITStatus  stm32f10x_usart.o(STM32F10xR.LIB)
    0x08002a56   0x00000030   Code   RO         2480    i.USART_ITConfig    stm32f10x_usart.o(STM32F10xR.LIB)
    0x08002a86   0x00000002   PAD
    0x08002a88   0x0000008c   Code   RO         2481    i.USART_Init        stm32f10x_usart.o(STM32F10xR.LIB)
    0x08002b14   0x00000008   Code   RO         2486    i.USART_ReceiveData  stm32f10x_usart.o(STM32F10xR.LIB)
    0x08002b1c   0x00000008   Code   RO         2489    i.USART_SendData    stm32f10x_usart.o(STM32F10xR.LIB)
    0x08002b24   0x00000002   Code   RO           65    i.USBWakeUp_IRQHandler  stm32f10x_it.o
    0x08002b26   0x00000002   Code   RO           66    i.USB_HP_CAN_TX_IRQHandler  stm32f10x_it.o
    0x08002b28   0x00000002   Code   RO           67    i.USB_LP_CAN_RX0_IRQHandler  stm32f10x_it.o
    0x08002b2a   0x00000002   PAD
    0x08002b2c   0x00000080   Code   RO          562    i.Uart1_Config      function.o
    0x08002bac   0x00000002   Code   RO           68    i.UsageFaultException  stm32f10x_it.o
    0x08002bae   0x00000002   PAD
    0x08002bb0   0x000000f4   Code   RO          563    i.Valve             function.o
    0x08002ca4   0x000000dc   Code   RO          564    i.Valve_GPIO_Config  function.o
    0x08002d80   0x00000002   Code   RO           69    i.WWDG_IRQHandler   stm32f10x_it.o
    0x08002d82   0x0000000e   Code   RO         2653    i.__scatterload_copy  handlers.o(mc_w.l)
    0x08002d90   0x00000002   Code   RO         2654    i.__scatterload_null  handlers.o(mc_w.l)
    0x08002d92   0x0000000e   Code   RO         2655    i.__scatterload_zeroinit  handlers.o(mc_w.l)
    0x08002da0   0x0000010c   Code   RO          519    i.main              main.o
    0x08002eac   0x0000005e   Code   RO          565    i.weedavg           function.o
    0x08002f0a   0x00000002   PAD
    0x08002f0c   0x00000190   Data   RO          568    .constdata          function.o
    0x0800309c   0x00000014   Data   RO         1579    .constdata          stm32f10x_rcc.o(STM32F10xR.LIB)
    0x080030b0   0x00000020   Data   RO         2651    Region$$Table       anon$$obj.o


    Execution Region RW_IRAM1 (Base: 0x20000000, Size: 0x0000eb80, Max: 0x00010000, ABSOLUTE)

    Base Addr    Size         Type   Attr      Idx    E Section Name        Object

    0x20000000   0x00000004   Data   RW          569    .data               function.o
    0x20000004   0x0000003c   Data   RW          570    .data               function.o
    0x20000040   0x00000004   Data   RW          571    .data               function.o
    0x20000044   0x00000001   Data   RW          573    .data               function.o
    0x20000045   0x00000003   PAD
    0x20000048   0x00000004   Data   RW          574    .data               function.o
    0x2000004c   0x00000001   Data   RW          575    .data               function.o
    0x2000004d   0x00000001   PAD
    0x2000004e   0x0000000a   Data   RW          749    .data               motion.o
    0x20000058   0x00000008   Data   RW          751    .data               motion.o
    0x20000060   0x00000008   Data   RW         1580    .data               stm32f10x_rcc.o(STM32F10xR.LIB)
    0x20000068   0x0000e2d8   Zero   RW          566    .bss                function.o
    0x2000e340   0x00000040   Zero   RW          567    .bss                function.o
    0x2000e380   0x00000800   Zero   RW          822    STACK               stm32f10x_vector.o


==============================================================================

Image component sizes


      Code (inc. data)   RO Data    RW Data    ZI Data      Debug   Object Name

      3756        248        400         74      58136      17612   function.o
       326         30          0          0          0       1069   main.o
      2914         36          0         18          0       6464   motion.o
      2190        234          0          0          0     111464   stm32f10x_it.o
         8          4        304          0       2048        276   stm32f10x_vector.o

    ----------------------------------------------------------------------
      9216        552        736         96      60184     136885   Object Totals
         0          0         32          0          0          0   (incl. Generated)
        22          0          0          4          0          2   (incl. Padding)

    ----------------------------------------------------------------------

      Code (inc. data)   RO Data    RW Data    ZI Data      Debug   Library Member Name

         0          0          0          0          0          0   entry.o
         8          4          0          0          0          0   entry2.o
         4          0          0          0          0          0   entry5.o
         8          4          0          0          0          0   entry7.o
        30          0          0          0          0          0   handlers.o
        36          8          0          0          0         68   init.o
       296         10          0          0          0       6977   stm32f10x_adc.o
       180         16          0          0          0       1820   stm32f10x_exti.o
        48         12          0          0          0        877   stm32f10x_flash.o
       244          6          0          0          0       4655   stm32f10x_gpio.o
       156         18          0          0          0       1917   stm32f10x_nvic.o
       552        102         20          8          0       8974   stm32f10x_rcc.o
       300          0          0          0          0      11408   stm32f10x_spi.o
        92          0          0          0          0       1818   stm32f10x_systick.o
       276         16          0          0          0       8588   stm32f10x_tim.o
       286          6          0          0          0       4707   stm32f10x_usart.o

    ----------------------------------------------------------------------
      2524        202         20          8          0      51809   Library Totals
         8          0          0          0          0          0   (incl. Padding)

    ----------------------------------------------------------------------

      Code (inc. data)   RO Data    RW Data    ZI Data      Debug   Library Name

      2430        186         20          8          0      51741   STM32F10xR.LIB
        86         16          0          0          0         68   mc_w.l

    ----------------------------------------------------------------------
      2524        202         20          8          0      51809   Library Totals

    ----------------------------------------------------------------------

==============================================================================


      Code (inc. data)   RO Data    RW Data    ZI Data      Debug   

     11740        754        756        104      60184     180296   Grand Totals
     11740        754        756        104      60184     180296   ELF Image Totals
     11740        754        756        104          0          0   ROM Totals

==============================================================================

    Total RO  Size (Code + RO Data)                12496 (  12.20kB)
    Total RW  Size (RW Data + ZI Data)             60288 (  58.88kB)
    Total ROM Size (Code + RO Data + RW Data)      12600 (  12.30kB)

==============================================================================

